Component: ARM Compiler 5.06 update 6 (build 750) Tool: armlink [4d35ed]

==============================================================================

Section Cross References

    system_stm32f10x.o(i.SetSysClock) refers to system_stm32f10x.o(i.SetSysClockTo72) for SetSysClockTo72
    system_stm32f10x.o(i.SystemCoreClockUpdate) refers to system_stm32f10x.o(.data) for SystemCoreClock
    system_stm32f10x.o(i.SystemInit) refers to system_stm32f10x.o(i.SetSysClock) for SetSysClock
    stm32f10x_gpio.o(i.GPIO_AFIODeInit) refers to stm32f10x_rcc.o(i.RCC_APB2PeriphResetCmd) for RCC_APB2PeriphResetCmd
    stm32f10x_gpio.o(i.GPIO_DeInit) refers to stm32f10x_rcc.o(i.RCC_APB2PeriphResetCmd) for RCC_APB2PeriphResetCmd
    stm32f10x_rcc.o(i.RCC_GetClocksFreq) refers to stm32f10x_rcc.o(.data) for APBAHBPrescTable
    stm32f10x_rcc.o(i.RCC_WaitForHSEStartUp) refers to stm32f10x_rcc.o(i.RCC_GetFlagStatus) for RCC_GetFlagStatus
    stm32f10x_tim.o(i.TIM_DeInit) refers to stm32f10x_rcc.o(i.RCC_APB2PeriphResetCmd) for RCC_APB2PeriphResetCmd
    stm32f10x_tim.o(i.TIM_DeInit) refers to stm32f10x_rcc.o(i.RCC_APB1PeriphResetCmd) for RCC_APB1PeriphResetCmd
    stm32f10x_tim.o(i.TIM_ETRClockMode1Config) refers to stm32f10x_tim.o(i.TIM_ETRConfig) for TIM_ETRConfig
    stm32f10x_tim.o(i.TIM_ETRClockMode2Config) refers to stm32f10x_tim.o(i.TIM_ETRConfig) for TIM_ETRConfig
    stm32f10x_tim.o(i.TIM_ICInit) refers to stm32f10x_tim.o(i.TI1_Config) for TI1_Config
    stm32f10x_tim.o(i.TIM_ICInit) refers to stm32f10x_tim.o(i.TIM_SetIC1Prescaler) for TIM_SetIC1Prescaler
    stm32f10x_tim.o(i.TIM_ICInit) refers to stm32f10x_tim.o(i.TI2_Config) for TI2_Config
    stm32f10x_tim.o(i.TIM_ICInit) refers to stm32f10x_tim.o(i.TIM_SetIC2Prescaler) for TIM_SetIC2Prescaler
    stm32f10x_tim.o(i.TIM_ICInit) refers to stm32f10x_tim.o(i.TI3_Config) for TI3_Config
    stm32f10x_tim.o(i.TIM_ICInit) refers to stm32f10x_tim.o(i.TIM_SetIC3Prescaler) for TIM_SetIC3Prescaler
    stm32f10x_tim.o(i.TIM_ICInit) refers to stm32f10x_tim.o(i.TI4_Config) for TI4_Config
    stm32f10x_tim.o(i.TIM_ICInit) refers to stm32f10x_tim.o(i.TIM_SetIC4Prescaler) for TIM_SetIC4Prescaler
    stm32f10x_tim.o(i.TIM_ITRxExternalClockConfig) refers to stm32f10x_tim.o(i.TIM_SelectInputTrigger) for TIM_SelectInputTrigger
    stm32f10x_tim.o(i.TIM_PWMIConfig) refers to stm32f10x_tim.o(i.TI1_Config) for TI1_Config
    stm32f10x_tim.o(i.TIM_PWMIConfig) refers to stm32f10x_tim.o(i.TIM_SetIC1Prescaler) for TIM_SetIC1Prescaler
    stm32f10x_tim.o(i.TIM_PWMIConfig) refers to stm32f10x_tim.o(i.TI2_Config) for TI2_Config
    stm32f10x_tim.o(i.TIM_PWMIConfig) refers to stm32f10x_tim.o(i.TIM_SetIC2Prescaler) for TIM_SetIC2Prescaler
    stm32f10x_tim.o(i.TIM_TIxExternalClockConfig) refers to stm32f10x_tim.o(i.TI2_Config) for TI2_Config
    stm32f10x_tim.o(i.TIM_TIxExternalClockConfig) refers to stm32f10x_tim.o(i.TI1_Config) for TI1_Config
    stm32f10x_tim.o(i.TIM_TIxExternalClockConfig) refers to stm32f10x_tim.o(i.TIM_SelectInputTrigger) for TIM_SelectInputTrigger
    stm32f10x_usart.o(i.USART_DeInit) refers to stm32f10x_rcc.o(i.RCC_APB2PeriphResetCmd) for RCC_APB2PeriphResetCmd
    stm32f10x_usart.o(i.USART_DeInit) refers to stm32f10x_rcc.o(i.RCC_APB1PeriphResetCmd) for RCC_APB1PeriphResetCmd
    stm32f10x_usart.o(i.USART_Init) refers to stm32f10x_rcc.o(i.RCC_GetClocksFreq) for RCC_GetClocksFreq
    stm32f10x_flash.o(i.FLASH_EnableWriteProtection) refers to stm32f10x_flash.o(i.FLASH_WaitForLastOperation) for FLASH_WaitForLastOperation
    stm32f10x_flash.o(i.FLASH_EraseAllBank1Pages) refers to stm32f10x_flash.o(i.FLASH_WaitForLastBank1Operation) for FLASH_WaitForLastBank1Operation
    stm32f10x_flash.o(i.FLASH_EraseAllPages) refers to stm32f10x_flash.o(i.FLASH_WaitForLastOperation) for FLASH_WaitForLastOperation
    stm32f10x_flash.o(i.FLASH_EraseOptionBytes) refers to stm32f10x_flash.o(i.FLASH_GetReadOutProtectionStatus) for FLASH_GetReadOutProtectionStatus
    stm32f10x_flash.o(i.FLASH_EraseOptionBytes) refers to stm32f10x_flash.o(i.FLASH_WaitForLastOperation) for FLASH_WaitForLastOperation
    stm32f10x_flash.o(i.FLASH_ErasePage) refers to stm32f10x_flash.o(i.FLASH_WaitForLastOperation) for FLASH_WaitForLastOperation
    stm32f10x_flash.o(i.FLASH_ProgramHalfWord) refers to stm32f10x_flash.o(i.FLASH_WaitForLastOperation) for FLASH_WaitForLastOperation
    stm32f10x_flash.o(i.FLASH_ProgramOptionByteData) refers to stm32f10x_flash.o(i.FLASH_WaitForLastOperation) for FLASH_WaitForLastOperation
    stm32f10x_flash.o(i.FLASH_ProgramWord) refers to stm32f10x_flash.o(i.FLASH_WaitForLastOperation) for FLASH_WaitForLastOperation
    stm32f10x_flash.o(i.FLASH_ReadOutProtection) refers to stm32f10x_flash.o(i.FLASH_WaitForLastOperation) for FLASH_WaitForLastOperation
    stm32f10x_flash.o(i.FLASH_UserOptionByteConfig) refers to stm32f10x_flash.o(i.FLASH_WaitForLastOperation) for FLASH_WaitForLastOperation
[...]
    .ARM.Collect$$$$00000008                 0x080000f4   Section        0  entry7b.o(.ARM.Collect$$$$00000008)
    .ARM.Collect$$$$0000000A                 0x080000f4   Section        0  entry8b.o(.ARM.Collect$$$$0000000A)
    .ARM.Collect$$$$0000000B                 0x080000f4   Section        8  entry9a.o(.ARM.Collect$$$$0000000B)
    .ARM.Collect$$$$0000000D                 0x080000fc   Section        0  entry10a.o(.ARM.Collect$$$$0000000D)
    .ARM.Collect$$$$0000000F                 0x080000fc   Section        0  entry11a.o(.ARM.Collect$$$$0000000F)
    .ARM.Collect$$$$00002712                 0x080000fc   Section        4  entry2.o(.ARM.Collect$$$$00002712)
    __lit__00000000                          0x080000fc   Data           4  entry2.o(.ARM.Collect$$$$00002712)
    .text                                    0x08000100   Section       36  startup_stm32f10x_md.o(.text)
    .text                                    0x08000124   Section        0  memcpya.o(.text)
    .text                                    0x08000148   Section        0  memseta.o(.text)
    .text                                    0x0800016c   Section        0  strstr.o(.text)
    .text                                    0x08000190   Section        0  strlen.o(.text)
    .text                                    0x080001a0   Section        0  __0sscanf.o(.text)
    .text                                    0x080001d8   Section        0  _scanf_int.o(.text)
    .text                                    0x08000324   Section        0  _scanf_str.o(.text)
    .text                                    0x08000404   Section        0  dadd.o(.text)
    .text                                    0x08000552   Section        0  dmul.o(.text)
    .text                                    0x08000636   Section        0  ddiv.o(.text)
    .text                                    0x08000714   Section        0  ffltui.o(.text)
    .text                                    0x0800071e   Section        0  dflti.o(.text)
    .text                                    0x08000740   Section        0  dfltui.o(.text)
    .text                                    0x0800075a   Section        0  dfixui.o(.text)
    .text                                    0x0800078c   Section        0  f2d.o(.text)
    .text                                    0x080007b2   Section        0  d2f.o(.text)
    .text                                    0x080007ec   Section       20  cfrcmple.o(.text)
    .text                                    0x08000800   Section        0  uidiv.o(.text)
    .text                                    0x0800082c   Section        0  uldiv.o(.text)
    .text                                    0x0800088e   Section        0  llshl.o(.text)
    .text                                    0x080008ac   Section        0  llushr.o(.text)
    .text                                    0x080008cc   Section        0  llsshr.o(.text)
    .text                                    0x080008f0   Section        0  _chval.o(.text)
    .text                                    0x0800090c   Section        0  scanf_char.o(.text)
    _scanf_char_input                        0x0800090d   Thumb Code    12  scanf_char.o(.text)
    .text                                    0x08000934   Section        0  _sgetc.o(.text)
    .text                                    0x08000974   Section        0  fepilogue.o(.text)
    .text                                    0x08000974   Section        0  iusefp.o(.text)
    .text                                    0x080009e2   Section        0  depilogue.o(.text)
    .text                                    0x08000a9c   Section        0  dfixul.o(.text)
    .text                                    0x08000acc   Section       48  cdrcmple.o(.text)
    .text                                    0x08000afc   Section       36  init.o(.text)
    .text                                    0x08000b20   Section        0  isspace_c.o(.text)
    .text                                    0x08000b2c   Section        0  _scanf.o(.text)
    .text                                    0x08000e58   Section        0  ctype_c.o(.text)
    i.ADC_Cmd                                0x08000e80   Section        0  stm32f10x_adc.o(i.ADC_Cmd)
    i.ADC_Configuration                      0x08000e98   Section        0  adc.o(i.ADC_Configuration)
    i.ADC_DMACmd                             0x08000f28   Section        0  stm32f10x_adc.o(i.ADC_DMACmd)
    i.ADC_DMA_Init                           0x08000f40   Section        0  adc.o(i.ADC_DMA_Init)
    i.ADC_GPIO_Init                          0x08000f98   Section        0  adc.o(i.ADC_GPIO_Init)
    i.ADC_GetCalibrationStatus               0x08000fcc   Section        0  stm32f10x_adc.o(i.ADC_GetCalibrationStatus)
    i.ADC_GetResetCalibrationStatus          0x08000fe0   Section        0  stm32f10x_adc.o(i.ADC_GetResetCalibrationStatus)
    i.ADC_Init                               0x08000ff4   Section        0  stm32f10x_adc.o(i.ADC_Init)
    i.ADC_RegularChannelConfig               0x08001044   Section        0  stm32f10x_adc.o(i.ADC_RegularChannelConfig)
    i.ADC_ResetCalibration                   0x080010fc   Section        0  stm32f10x_adc.o(i.ADC_ResetCalibration)
    i.ADC_SoftwareStartConvCmd               0x08001106   Section        0  stm32f10x_adc.o(i.ADC_SoftwareStartConvCmd)
    i.ADC_StartCalibration                   0x0800111c   Section        0  stm32f10x_adc.o(i.ADC_StartCalibration)
    i.AHT10_Data                             0x08001128   Section        0  aht10.o(i.AHT10_Data)
    i.AHT10_Init                             0x08001238   Section        0  aht10.o(i.AHT10_Init)
    i.AHT10_ReadData                         0x080012ca   Section        0  aht10.o(i.AHT10_ReadData)
    i.AHT10_ReadStatus                       0x080012fe   Section        0  aht10.o(i.AHT10_ReadStatus)
    i.AHT10_Read_CalEnable                   0x0800131e   Section        0  aht10.o(i.AHT10_Read_CalEnable)
    i.AHT10_Reset                            0x08001338   Section        0  aht10.o(i.AHT10_Reset)
    i.AT24CXX_ReadLenByte                    0x08001358   Section        0  24cxx.o(i.AT24CXX_ReadLenByte)
    i.AT24CXX_ReadOneByte                    0x08001384   Section        0  24cxx.o(i.AT24CXX_ReadOneByte)
    i.AT24CXX_WriteLenByte                   0x080013dc   Section        0  24cxx.o(i.AT24CXX_WriteLenByte)
    i.AT24CXX_WriteOneByte                   0x08001406   Section        0  24cxx.o(i.AT24CXX_WriteOneByte)
    i.Aht10Monitor                           0x08001458   Section        0  monitor.o(i.Aht10Monitor)
    i.AliDriver                              0x080014c8   Section        0  alidata.o(i.AliDriver)
    i.AliIoT_MQTT_DataInit                   0x080015a4   Section        0  cat1.o(i.AliIoT_MQTT_DataInit)
    i.BH1750_Init                            0x08001708   Section        0  bh1750.o(i.BH1750_Init)
    i.BH1750_ReadData                        0x08001712   Section        0  bh1750.o(i.BH1750_ReadData)
    i.BusFault_Handler                       0x08001730   Section        0  stm32f10x_it.o(i.BusFault_Handler)
    i.CAT1_CGATT_Check                       0x08001734   Section        0  cat1.o(i.CAT1_CGATT_Check)
    i.CAT1_CIFSR_Check                       0x08001774   Section        0  cat1.o(i.CAT1_CIFSR_Check)
    i.CAT1_CPIN_Check                        0x08001864   Section        0  cat1.o(i.CAT1_CPIN_Check)
    i.CAT1_ConnectServer                     0x080018a8   Section        0  cat1.o(i.CAT1_ConnectServer)
    i.CAT1_DataBuff_Init                     0x08001d4c   Section        0  cat1.o(i.CAT1_DataBuff_Init)
    i.CAT1_GetCSQ                            0x08001da0   Section        0  cat1.o(i.CAT1_GetCSQ)
    i.CAT1_Init                              0x08001dd8   Section        0  cat1.o(i.CAT1_Init)
    i.CAT1_Publish                           0x08001ea8   Section        0  cat1.o(i.CAT1_Publish)
    i.CAT1_PushData                          0x08001fe0   Section        0  cat1.o(i.CAT1_PushData)
    i.CAT1_ResetIO_Init                      0x08002050   Section        0  cat1.o(i.CAT1_ResetIO_Init)
    i.CAT1_SendCmd                           0x0800207c   Section        0  cat1.o(i.CAT1_SendCmd)
    i.CHECK_GPIO_Init                        0x08002130   Section        0  motor.o(i.CHECK_GPIO_Init)
    i.CarbonMonitor                          0x08002158   Section        0  monitor.o(i.CarbonMonitor)
    i.DATA_Init                              0x080021f0   Section        0  monitor.o(i.DATA_Init)
    i.DMA_Cmd                                0x08002330   Section        0  stm32f10x_dma.o(i.DMA_Cmd)
    i.DMA_DeInit                             0x08002348   Section        0  stm32f10x_dma.o(i.DMA_DeInit)
    i.DMA_Init                               0x08002494   Section        0  stm32f10x_dma.o(i.DMA_Init)
    i.DealAliCmd                             0x080024d0   Section        0  monitor.o(i.DealAliCmd)
    i.DebugMon_Handler                       0x080024e6   Section        0  stm32f10x_it.o(i.DebugMon_Handler)
    i.EXTI15_10_IRQHandler                   0x080024e8   Section        0  exti.o(i.EXTI15_10_IRQHandler)
    i.EXTIX_Init                             0x0800255c   Section        0  exti.o(i.EXTIX_Init)
    i.EXTI_ClearITPendingBit                 0x080025d0   Section        0  stm32f10x_exti.o(i.EXTI_ClearITPendingBit)
    i.EXTI_GetITStatus                       0x080025dc   Section        0  stm32f10x_exti.o(i.EXTI_GetITStatus)
    i.EXTI_Init                              0x08002604   Section        0  stm32f10x_exti.o(i.EXTI_Init)
    i.EnvirState                             0x08002698   Section        0  monitor.o(i.EnvirState)
    i.FLASH_PrefetchBufferCmd                0x0800272c   Section        0  stm32f10x_flash.o(i.FLASH_PrefetchBufferCmd)
    i.FLASH_SetLatency                       0x08002748   Section        0  stm32f10x_flash.o(i.FLASH_SetLatency)
    i.GPIO_EXTILineConfig                    0x08002760   Section        0  stm32f10x_gpio.o(i.GPIO_EXTILineConfig)
    i.GPIO_Init                              0x080027a0   Section        0  stm32f10x_gpio.o(i.GPIO_Init)
    i.GPIO_PinRemapConfig                    0x080028b8   Section        0  stm32f10x_gpio.o(i.GPIO_PinRemapConfig)
    i.GPIO_ReadInputDataBit                  0x08002948   Section        0  stm32f10x_gpio.o(i.GPIO_ReadInputDataBit)
    i.GPIO_ReadOutputDataBit                 0x0800295a   Section        0  stm32f10x_gpio.o(i.GPIO_ReadOutputDataBit)
    i.GPIO_ResetBits                         0x0800296c   Section        0  stm32f10x_gpio.o(i.GPIO_ResetBits)
    i.GPIO_SetBits                           0x08002970   Section        0  stm32f10x_gpio.o(i.GPIO_SetBits)
    i.GPIO_WriteBit                          0x08002974   Section        0  stm32f10x_gpio.o(i.GPIO_WriteBit)
    i.HardFault_Handler                      0x0800297e   Section        0  stm32f10x_it.o(i.HardFault_Handler)
    i.IIC_Ack                                0x08002984   Section        0  i2c.o(i.IIC_Ack)
    i.IIC_Init                               0x080029bc   Section        0  i2c.o(i.IIC_Init)
    i.IIC_NAck                               0x080029f0   Section        0  i2c.o(i.IIC_NAck)
    i.IIC_Read_Byte                          0x08002a28   Section        0  i2c.o(i.IIC_Read_Byte)
    i.IIC_Send_Byte                          0x08002a80   Section        0  i2c.o(i.IIC_Send_Byte)
    i.IIC_Start                              0x08002ae0   Section        0  i2c.o(i.IIC_Start)
    i.IIC_Stop                               0x08002b18   Section        0  i2c.o(i.IIC_Stop)
    i.IIC_Wait_Ack                           0x08002b4c   Section        0  i2c.o(i.IIC_Wait_Ack)
    i.JTAG_Configuration                     0x08002b98   Section        0  sys.o(i.JTAG_Configuration)
    i.MemManage_Handler                      0x08002bb4   Section        0  stm32f10x_it.o(i.MemManage_Handler)
    i.Motor_Check                            0x08002bb8   Section        0  motor.o(i.Motor_Check)
    i.Motor_Init                             0x08002be4   Section        0  motor.o(i.Motor_Init)
    i.Multiple_Read_BH1750                   0x08002c10   Section        0  bh1750.o(i.Multiple_Read_BH1750)
    i.NMI_Handler                            0x08002c3a   Section        0  stm32f10x_it.o(i.NMI_Handler)
    i.NVIC_Configuration                     0x08002c3c   Section        0  sys.o(i.NVIC_Configuration)
    i.NVIC_Init                              0x08002c48   Section        0  misc.o(i.NVIC_Init)
    i.NVIC_PriorityGroupConfig               0x08002cb8   Section        0  misc.o(i.NVIC_PriorityGroupConfig)
    i.NetMonitor                             0x08002ccc   Section        0  monitor.o(i.NetMonitor)
    i.PendSV_Handler                         0x08002cf4   Section        0  stm32f10x_it.o(i.PendSV_Handler)
    i.PubInitData                            0x08002cf6   Section        0  monitor.o(i.PubInitData)
    i.RCC_AHBPeriphClockCmd                  0x08002d00   Section        0  stm32f10x_rcc.o(i.RCC_AHBPeriphClockCmd)
    i.RCC_APB1PeriphClockCmd                 0x08002d20   Section        0  stm32f10x_rcc.o(i.RCC_APB1PeriphClockCmd)
    i.RCC_APB1PeriphResetCmd                 0x08002d40   Section        0  stm32f10x_rcc.o(i.RCC_APB1PeriphResetCmd)
    i.RCC_APB2PeriphClockCmd                 0x08002d60   Section        0  stm32f10x_rcc.o(i.RCC_APB2PeriphClockCmd)
    i.RCC_APB2PeriphResetCmd                 0x08002d80   Section        0  stm32f10x_rcc.o(i.RCC_APB2PeriphResetCmd)
    i.RCC_Configuration                      0x08002da0   Section        0  sys.o(i.RCC_Configuration)
    i.RCC_DeInit                             0x08002e04   Section        0  stm32f10x_rcc.o(i.RCC_DeInit)
    i.RCC_GetClocksFreq                      0x08002e50   Section        0  stm32f10x_rcc.o(i.RCC_GetClocksFreq)
    i.RCC_GetFlagStatus                      0x08002f24   Section        0  stm32f10x_rcc.o(i.RCC_GetFlagStatus)
    i.RCC_GetSYSCLKSource                    0x08002f60   Section        0  stm32f10x_rcc.o(i.RCC_GetSYSCLKSource)
    i.RCC_HCLKConfig                         0x08002f70   Section        0  stm32f10x_rcc.o(i.RCC_HCLKConfig)
    i.RCC_HSEConfig                          0x08002f88   Section        0  stm32f10x_rcc.o(i.RCC_HSEConfig)
    i.RCC_PCLK1Config                        0x08002fd4   Section        0  stm32f10x_rcc.o(i.RCC_PCLK1Config)
    i.RCC_PCLK2Config                        0x08002fec   Section        0  stm32f10x_rcc.o(i.RCC_PCLK2Config)
    i.RCC_PLLCmd                             0x08003004   Section        0  stm32f10x_rcc.o(i.RCC_PLLCmd)
    i.RCC_PLLConfig                          0x08003010   Section        0  stm32f10x_rcc.o(i.RCC_PLLConfig)
    i.RCC_SYSCLKConfig                       0x0800302c   Section        0  stm32f10x_rcc.o(i.RCC_SYSCLKConfig)
    i.RCC_WaitForHSEStartUp                  0x08003044   Section        0  stm32f10x_rcc.o(i.RCC_WaitForHSEStartUp)
    i.SDA_IN                                 0x0800307c   Section        0  i2c.o(i.SDA_IN)
    i.SDA_OUT                                0x08003098   Section        0  i2c.o(i.SDA_OUT)
    i.SVC_Handler                            0x080030bc   Section        0  stm32f10x_it.o(i.SVC_Handler)
    i.SecMonitor                             0x080030c0   Section        0  monitor.o(i.SecMonitor)
    i.SetSysClock                            0x08003160   Section        0  system_stm32f10x.o(i.SetSysClock)
    SetSysClock                              0x08003161   Thumb Code     8  system_stm32f10x.o(i.SetSysClock)
    i.SetSysClockTo72                        0x08003168   Section        0  system_stm32f10x.o(i.SetSysClockTo72)
    SetSysClockTo72                          0x08003169   Thumb Code   214  system_stm32f10x.o(i.SetSysClockTo72)
    i.Single_Write_BH1750                    0x08003248   Section        0  bh1750.o(i.Single_Write_BH1750)
    i.SoilMonitor                            0x0800326c   Section        0  monitor.o(i.SoilMonitor)
    i.StartMotor                             0x080032ec   Section        0  motor.o(i.StartMotor)
    i.StopMotor                              0x0800331c   Section        0  motor.o(i.StopMotor)
    i.SwitchIoTCmd                           0x0800334c   Section        0  monitor.o(i.SwitchIoTCmd)
    i.SwitchMonitor                          0x08003658   Section        0  monitor.o(i.SwitchMonitor)
    i.SwitchState                            0x080038c8   Section        0  monitor.o(i.SwitchState)
    i.Switch_Init                            0x08003964   Section        0  switch.o(i.Switch_Init)
    i.Switch_SetState                        0x0800399c   Section        0  switch.o(i.Switch_SetState)
    i.SysTick_Handler                        0x080039f0   Section        0  stm32f10x_it.o(i.SysTick_Handler)
    i.SysdatState                            0x080039f4   Section        0  monitor.o(i.SysdatState)
    i.SysdatStateAck                         0x08003a84   Section        0  monitor.o(i.SysdatStateAck)
    i.SystemDataCmd                          0x08003ae0   Section        0  monitor.o(i.SystemDataCmd)
    i.SystemInit                             0x08003de4   Section        0  system_stm32f10x.o(i.SystemInit)
    i.TIM2_IRQHandler                        0x08003e44   Section        0  tim2.o(i.TIM2_IRQHandler)
    i.TIM2_Init                              0x08003ecc   Section        0  tim2.o(i.TIM2_Init)
    i.TIM3_IRQHandler                        0x08003f3c   Section        0  tim3.o(i.TIM3_IRQHandler)
    i.TIM3_Init                              0x08003fb8   Section        0  tim3.o(i.TIM3_Init)
    i.TIM3_NVIC_Init                         0x08003ffc   Section        0  tim3.o(i.TIM3_NVIC_Init)
    i.TIM4_IRQHandler                        0x08004020   Section        0  tim4.o(i.TIM4_IRQHandler)
    i.TIM4_Init                              0x08004040   Section        0  tim4.o(i.TIM4_Init)
    i.TIM4_NVIC_Init                         0x08004084   Section        0  tim4.o(i.TIM4_NVIC_Init)
    i.TIM_ClearITPendingBit                  0x080040a6   Section        0  stm32f10x_tim.o(i.TIM_ClearITPendingBit)
    i.TIM_Cmd                                0x080040ac   Section        0  stm32f10x_tim.o(i.TIM_Cmd)
    i.TIM_GetITStatus                        0x080040c4   Section        0  stm32f10x_tim.o(i.TIM_GetITStatus)
    i.TIM_ITConfig                           0x080040e6   Section        0  stm32f10x_tim.o(i.TIM_ITConfig)
    i.TIM_SetCounter                         0x080040f8   Section        0  stm32f10x_tim.o(i.TIM_SetCounter)
    i.TIM_TimeBaseInit                       0x080040fc   Section        0  stm32f10x_tim.o(i.TIM_TimeBaseInit)
    i.TurnMotor                              0x080041a0   Section        0  motor.o(i.TurnMotor)
    i.USART1_IRQHandler                      0x08004274   Section        0  usart1.o(i.USART1_IRQHandler)
    i.USART2_IRQHandler                      0x08004288   Section        0  usart2.o(i.USART2_IRQHandler)
    i.USART_ClearFlag                        0x08004310   Section        0  stm32f10x_usart.o(i.USART_ClearFlag)
    i.USART_Cmd                              0x08004322   Section        0  stm32f10x_usart.o(i.USART_Cmd)
    i.USART_DeInit                           0x0800433c   Section        0  stm32f10x_usart.o(i.USART_DeInit)
    i.USART_GetITStatus                      0x080043d8   Section        0  stm32f10x_usart.o(i.USART_GetITStatus)
    i.USART_ITConfig                         0x0800442c   Section        0  stm32f10x_usart.o(i.USART_ITConfig)
    i.USART_Init                             0x08004478   Section        0  stm32f10x_usart.o(i.USART_Init)
    i.UsageFault_Handler                     0x08004550   Section        0  stm32f10x_it.o(i.UsageFault_Handler)
    i.Usart1_Init                            0x08004554   Section        0  usart1.o(i.Usart1_Init)
    i.Usart2_Init                            0x080045d4   Section        0  usart2.o(i.Usart2_Init)
    i.__0sprintf                             0x0800468c   Section        0  printfa.o(i.__0sprintf)
    i.__0vsprintf                            0x080046b4   Section        0  printfa.o(i.__0vsprintf)
    i.__scatterload_copy                     0x080046d8   Section       14  handlers.o(i.__scatterload_copy)
    i.__scatterload_null                     0x080046e6   Section        2  handlers.o(i.__scatterload_null)
    i.__scatterload_zeroinit                 0x080046e8   Section       14  handlers.o(i.__scatterload_zeroinit)
    i._fp_digits                             0x080046f8   Section        0  printfa.o(i._fp_digits)
    _fp_digits                               0x080046f9   Thumb Code   366  printfa.o(i._fp_digits)
    i._printf_core                           0x0800487c   Section        0  printfa.o(i._printf_core)
    _printf_core                             0x0800487d   Thumb Code  1744  printfa.o(i._printf_core)
    i._printf_post_padding                   0x08004f58   Section        0  printfa.o(i._printf_post_padding)
    _printf_post_padding                     0x08004f59   Thumb Code    36  printfa.o(i._printf_post_padding)
    i._printf_pre_padding                    0x08004f7c   Section        0  printfa.o(i._printf_pre_padding)
    _printf_pre_padding                      0x08004f7d   Thumb Code    46  printfa.o(i._printf_pre_padding)
    i._sputc                                 0x08004faa   Section        0  printfa.o(i._sputc)
    _sputc                                   0x08004fab   Thumb Code    10  printfa.o(i._sputc)
    i.delay_ms                               0x08004fb4   Section        0  delay.o(i.delay_ms)
    i.delay_us                               0x08004fce   Section        0  delay.o(i.delay_us)
    i.illumiMonitor                          0x08004ffc   Section        0  monitor.o(i.illumiMonitor)
    i.main                                   0x0800504c   Section        0  main.o(i.main)
    i.u1_printf                              0x080050d0   Section        0  usart1.o(i.u1_printf)
    i.u2_printf                              0x0800512c   Section        0  usart2.o(i.u2_printf)
    i.utils_hb2hex                           0x08005188   Section        0  utils_md5.o(i.utils_hb2hex)
    i.utils_hmac_sha1                        0x080051a0   Section        0  utils_hmac.o(i.utils_hmac_sha1)
    i.utils_sha1_finish                      0x08005288   Section        0  utils_sha1.o(i.utils_sha1_finish)
    i.utils_sha1_init                        0x08005370   Section        0  utils_sha1.o(i.utils_sha1_init)
    i.utils_sha1_process                     0x08005380   Section        0  utils_sha1.o(i.utils_sha1_process)
    i.utils_sha1_starts                      0x08006c9c   Section        0  utils_sha1.o(i.utils_sha1_starts)
    i.utils_sha1_update                      0x08006cc8   Section        0  utils_sha1.o(i.utils_sha1_update)
    .constdata                               0x08006d44   Section       64  utils_sha1.o(.constdata)
    iot_sha1_padding                         0x08006d44   Data          64  utils_sha1.o(.constdata)
    .constdata                               0x08006d84   Section       64  ctype_c.o(.constdata)
    .conststring                             0x08006dc4   Section      915  monitor.o(.conststring)
    .data                                    0x20000000   Section       20  stm32f10x_rcc.o(.data)
    APBAHBPrescTable                         0x20000000   Data          16  stm32f10x_rcc.o(.data)
    ADCPrescTable                            0x20000010   Data           4  stm32f10x_rcc.o(.data)
    .data                                    0x20000014   Section        4  adc.o(.data)
    .data                                    0x20000018   Section        4  tim3.o(.data)
    cnt                                      0x2000001a   Data           1  tim3.o(.data)
    cnt10s                                   0x2000001b   Data           1  tim3.o(.data)
    .data                                    0x2000001c   Section        8  usart2.o(.data)
    .data                                    0x20000024   Section       28  cat1.o(.data)
    .data                                    0x20000040   Section        5  motor.o(.data)
    index                                    0x20000044   Data           1  motor.o(.data)
    .data                                    0x20000045   Section        1  switch.o(.data)
    .data                                    0x20000046   Section       16  monitor.o(.data)
    cntMin                                   0x20000050   Data           1  monitor.o(.data)
    backup                                   0x20000051   Data           5  monitor.o(.data)
    .bss                                     0x20000058   Section      256  usart1.o(.bss)
    .bss                                     0x20000158   Section     2048  usart2.o(.bss)
    .bss                                     0x20000958   Section     5000  cat1.o(.bss)
    .bss                                     0x20001ce0   Section       16  monitor.o(.bss)
    STACK                                    0x20001cf0   Section     1024  startup_stm32f10x_md.o(STACK)

    Global Symbols

    Symbol Name                              Value     Ov Type        Size  Object(Section)

    BuildAttributes$$THM_ISAv4$P$D$K$B$S$PE$A:L22UL41UL21$X:L11$S22US41US21$IEEE1$IW$USESV6$~STKCKD$USESV7$~SHL$OTIME$ROPI$EBA8$MICROLIB$REQ8$PRES8$EABIv2 0x00000000   Number         0  anon$$obj.o ABSOLUTE
    __ARM_use_no_argv                        0x00000000   Number         0  main.o ABSOLUTE
    _printf_a                                0x00000000   Number         0  stubs.o ABSOLUTE
    _printf_c                                0x00000000   Number         0  stubs.o ABSOLUTE
    _printf_charcount                        0x00000000   Number         0  stubs.o ABSOLUTE
    _printf_d                                0x00000000   Number         0  stubs.o ABSOLUTE
    _printf_e                                0x00000000   Number         0  stubs.o ABSOLUTE
    _printf_f                                0x00000000   Number         0  stubs.o ABSOLUTE
    _printf_flags                            0x00000000   Number         0  stubs.o ABSOLUTE
    _printf_fp_dec                           0x00000000   Number         0  stubs.o ABSOLUTE
    _printf_fp_hex                           0x00000000   Number         0  stubs.o ABSOLUTE
    _printf_g                                0x00000000   Number         0  stubs.o ABSOLUTE
    _printf_i                                0x00000000   Number         0  stubs.o ABSOLUTE
    _printf_int_dec                          0x00000000   Number         0  stubs.o ABSOLUTE
    _printf_l                                0x00000000   Number         0  stubs.o ABSOLUTE
    _printf_lc                               0x00000000   Number         0  stubs.o ABSOLUTE
    _printf_ll                               0x00000000   Number         0  stubs.o ABSOLUTE
    _printf_lld                              0x00000000   Number         0  stubs.o ABSOLUTE
    _printf_lli                              0x00000000   Number         0  stubs.o ABSOLUTE
    _printf_llo                              0x00000000   Number         0  stubs.o ABSOLUTE
    _printf_llu                              0x00000000   Number         0  stubs.o ABSOLUTE
    _printf_llx                              0x00000000   Number         0  stubs.o ABSOLUTE
    _printf_longlong_dec                     0x00000000   Number         0  stubs.o ABSOLUTE
    _printf_longlong_hex                     0x00000000   Number         0  stubs.o ABSOLUTE
    _printf_longlong_oct                     0x00000000   Number         0  stubs.o ABSOLUTE
    _printf_ls                               0x00000000   Number         0  stubs.o ABSOLUTE
    _printf_mbtowc                           0x00000000   Number         0  stubs.o ABSOLUTE
    _printf_n                                0x00000000   Number         0  stubs.o ABSOLUTE
    _printf_o                                0x00000000   Number         0  stubs.o ABSOLUTE
    _printf_p                                0x00000000   Number         0  stubs.o ABSOLUTE
    _printf_percent                          0x00000000   Number         0  stubs.o ABSOLUTE
    _printf_pre_padding                      0x00000000   Number         0  stubs.o ABSOLUTE
    _printf_return_value                     0x00000000   Number         0  stubs.o ABSOLUTE
    _printf_s                                0x00000000   Number         0  stubs.o ABSOLUTE
    _printf_sizespec                         0x00000000   Number         0  stubs.o ABSOLUTE
    _printf_str                              0x00000000   Number         0  stubs.o ABSOLUTE
    _printf_truncate_signed                  0x00000000   Number         0  stubs.o ABSOLUTE
    _printf_truncate_unsigned                0x00000000   Number         0  stubs.o ABSOLUTE
    _printf_u                                0x00000000   Number         0  stubs.o ABSOLUTE
    _printf_wc                               0x00000000   Number         0  stubs.o ABSOLUTE
    _printf_wctomb                           0x00000000   Number         0  stubs.o ABSOLUTE
    _printf_widthprec                        0x00000000   Number         0  stubs.o ABSOLUTE
    _printf_x                                0x00000000   Number         0  stubs.o ABSOLUTE
    __cpp_initialize__aeabi_                  - Undefined Weak Reference
    __cxa_finalize                            - Undefined Weak Reference
    __decompress                              - Undefined Weak Reference
    _clock_init                               - Undefined Weak Reference
    _microlib_exit                            - Undefined Weak Reference
    _scanf_longlong                           - Undefined Weak Reference
    _scanf_real                               - Undefined Weak Reference
    __Vectors_Size                           0x000000ec   Number         0  startup_stm32f10x_md.o ABSOLUTE
    __Vectors                                0x08000000   Data           4  startup_stm32f10x_md.o(RESET)
    __Vectors_End                            0x080000ec   Data           0  startup_stm32f10x_md.o(RESET)
    __main                                   0x080000ed   Thumb Code     0  entry.o(.ARM.Collect$$$$00000000)
    _main_stk                                0x080000ed   Thumb Code     0  entry2.o(.ARM.Collect$$$$00000001)
    _main_scatterload                        0x080000f1   Thumb Code     0  entry5.o(.ARM.Collect$$$$00000004)
    __main_after_scatterload                 0x080000f5   Thumb Code     0  entry5.o(.ARM.Collect$$$$00000004)
    _main_clock                              0x080000f5   Thumb Code     0  entry7b.o(.ARM.Collect$$$$00000008)
    _main_cpp_init                           0x080000f5   Thumb Code     0  entry8b.o(.ARM.Collect$$$$0000000A)
    _main_init                               0x080000f5   Thumb Code     0  entry9a.o(.ARM.Collect$$$$0000000B)
    __rt_final_cpp                           0x080000fd   Thumb Code     0  entry10a.o(.ARM.Collect$$$$0000000D)
    __rt_final_exit                          0x080000fd   Thumb Code     0  entry11a.o(.ARM.Collect$$$$0000000F)
    Reset_Handler                            0x08000101   Thumb Code     8  startup_stm32f10x_md.o(.text)
    ADC1_2_IRQHandler                        0x0800011b   Thumb Code     0  startup_stm32f10x_md.o(.text)
    CAN1_RX1_IRQHandler                      0x0800011b   Thumb Code     0  startup_stm32f10x_md.o(.text)
    CAN1_SCE_IRQHandler                      0x0800011b   Thumb Code     0  startup_stm32f10x_md.o(.text)
    DMA1_Channel1_IRQHandler                 0x0800011b   Thumb Code     0  startup_stm32f10x_md.o(.text)
    DMA1_Channel2_IRQHandler                 0x0800011b   Thumb Code     0  startup_stm32f10x_md.o(.text)
    DMA1_Channel3_IRQHandler                 0x0800011b   Thumb Code     0  startup_stm32f10x_md.o(.text)
    DMA1_Channel4_IRQHandler                 0x0800011b   Thumb Code     0  startup_stm32f10x_md.o(.text)
    DMA1_Channel5_IRQHandler                 0x0800011b   Thumb Code     0  startup_stm32f10x_md.o(.text)
    DMA1_Channel6_IRQHandler                 0x0800011b   Thumb Code     0  startup_stm32f10x_md.o(.text)
    DMA1_Channel7_IRQHandler                 0x0800011b   Thumb Code     0  startup_stm32f10x_md.o(.text)
    EXTI0_IRQHandler                         0x0800011b   Thumb Code     0  startup_stm32f10x_md.o(.text)
    EXTI1_IRQHandler                         0x0800011b   Thumb Code     0  startup_stm32f10x_md.o(.text)
    EXTI2_IRQHandler                         0x0800011b   Thumb Code     0  startup_stm32f10x_md.o(.text)
    EXTI3_IRQHandler                         0x0800011b   Thumb Code     0  startup_stm32f10x_md.o(.text)
    EXTI4_IRQHandler                         0x0800011b   Thumb Code     0  startup_stm32f10x_md.o(.text)
    EXTI9_5_IRQHandler                       0x0800011b   Thumb Code     0  startup_stm32f10x_md.o(.text)
    FLASH_IRQHandler                         0x0800011b   Thumb Code     0  startup_stm32f10x_md.o(.text)
    I2C1_ER_IRQHandler                       0x0800011b   Thumb Code     0  startup_stm32f10x_md.o(.text)
    I2C1_EV_IRQHandler                       0x0800011b   Thumb Code     0  startup_stm32f10x_md.o(.text)
    I2C2_ER_IRQHandler                       0x0800011b   Thumb Code     0  startup_stm32f10x_md.o(.text)
    I2C2_EV_IRQHandler                       0x0800011b   Thumb Code     0  startup_stm32f10x_md.o(.text)
    PVD_IRQHandler                           0x0800011b   Thumb Code     0  startup_stm32f10x_md.o(.text)
    RCC_IRQHandler                           0x0800011b   Thumb Code     0  startup_stm32f10x_md.o(.text)
    RTCAlarm_IRQHandler                      0x0800011b   Thumb Code     0  startup_stm32f10x_md.o(.text)
    RTC_IRQHandler                           0x0800011b   Thumb Code     0  startup_stm32f10x_md.o(.text)
    SPI1_IRQHandler                          0x0800011b   Thumb Code     0  startup_stm32f10x_md.o(.text)
    SPI2_IRQHandler                          0x0800011b   Thumb Code     0  startup_stm32f10x_md.o(.text)
    TAMPER_IRQHandler                        0x0800011b   Thumb Code     0  startup_stm32f10x_md.o(.text)
    TIM1_BRK_IRQHandler                      0x0800011b   Thumb Code     0  startup_stm32f10x_md.o(.text)
    TIM1_CC_IRQHandler                       0x0800011b   Thumb Code     0  startup_stm32f10x_md.o(.text)
    TIM1_TRG_COM_IRQHandler                  0x0800011b   Thumb Code     0  startup_stm32f10x_md.o(.text)
    TIM1_UP_IRQHandler                       0x0800011b   Thumb Code     0  startup_stm32f10x_md.o(.text)
    USART3_IRQHandler                        0x0800011b   Thumb Code     0  startup_stm32f10x_md.o(.text)
    USBWakeUp_IRQHandler                     0x0800011b   Thumb Code     0  startup_stm32f10x_md.o(.text)
    USB_HP_CAN1_TX_IRQHandler                0x0800011b   Thumb Code     0  startup_stm32f10x_md.o(.text)
    USB_LP_CAN1_RX0_IRQHandler               0x0800011b   Thumb Code     0  startup_stm32f10x_md.o(.text)
    WWDG_IRQHandler                          0x0800011b   Thumb Code     0  startup_stm32f10x_md.o(.text)
    __aeabi_memcpy                           0x08000125   Thumb Code    36  memcpya.o(.text)
    __aeabi_memcpy4                          0x08000125   Thumb Code     0  memcpya.o(.text)
    __aeabi_memcpy8                          0x08000125   Thumb Code     0  memcpya.o(.text)
    __aeabi_memset                           0x08000149   Thumb Code    14  memseta.o(.text)
    __aeabi_memset4                          0x08000149   Thumb Code     0  memseta.o(.text)
    __aeabi_memset8                          0x08000149   Thumb Code     0  memseta.o(.text)
    __aeabi_memclr                           0x08000157   Thumb Code     4  memseta.o(.text)
    __aeabi_memclr4                          0x08000157   Thumb Code     0  memseta.o(.text)
    __aeabi_memclr8                          0x08000157   Thumb Code     0  memseta.o(.text)
    _memset$wrapper                          0x0800015b   Thumb Code    18  memseta.o(.text)
    strstr                                   0x0800016d   Thumb Code    36  strstr.o(.text)
    strlen                                   0x08000191   Thumb Code    14  strlen.o(.text)
    __0sscanf                                0x080001a1   Thumb Code    48  __0sscanf.o(.text)
    _scanf_int                               0x080001d9   Thumb Code   332  _scanf_int.o(.text)
    _scanf_string                            0x08000325   Thumb Code   224  _scanf_str.o(.text)
    __aeabi_dadd                             0x08000405   Thumb Code   322  dadd.o(.text)
    __aeabi_dsub                             0x08000547   Thumb Code     6  dadd.o(.text)
    __aeabi_drsub                            0x0800054d   Thumb Code     6  dadd.o(.text)
    __aeabi_dmul                             0x08000553   Thumb Code   228  dmul.o(.text)
    __aeabi_ddiv                             0x08000637   Thumb Code   222  ddiv.o(.text)
    __aeabi_ui2f                             0x08000715   Thumb Code    10  ffltui.o(.text)
    __aeabi_i2d                              0x0800071f   Thumb Code    34  dflti.o(.text)
    __aeabi_ui2d                             0x08000741   Thumb Code    26  dfltui.o(.text)
    __aeabi_d2uiz                            0x0800075b   Thumb Code    50  dfixui.o(.text)
    __aeabi_f2d                              0x0800078d   Thumb Code    38  f2d.o(.text)
    __aeabi_d2f                              0x080007b3   Thumb Code    56  d2f.o(.text)
    __aeabi_cfrcmple                         0x080007ed   Thumb Code    20  cfrcmple.o(.text)
    __aeabi_uidiv                            0x08000801   Thumb Code     0  uidiv.o(.text)
    __aeabi_uidivmod                         0x08000801   Thumb Code    44  uidiv.o(.text)
    __aeabi_uldivmod                         0x0800082d   Thumb Code    98  uldiv.o(.text)
    __aeabi_llsl                             0x0800088f   Thumb Code    30  llshl.o(.text)
    _ll_shift_l                              0x0800088f   Thumb Code     0  llshl.o(.text)
    __aeabi_llsr                             0x080008ad   Thumb Code    32  llushr.o(.text)
    _ll_ushift_r                             0x080008ad   Thumb Code     0  llushr.o(.text)
    __aeabi_lasr                             0x080008cd   Thumb Code    36  llsshr.o(.text)
    _ll_sshift_r                             0x080008cd   Thumb Code     0  llsshr.o(.text)
    _chval                                   0x080008f1   Thumb Code    28  _chval.o(.text)
    __vfscanf_char                           0x08000919   Thumb Code    20  scanf_char.o(.text)
    _sgetc                                   0x08000935   Thumb Code    30  _sgetc.o(.text)
    _sbackspace                              0x08000953   Thumb Code    34  _sgetc.o(.text)
    __I$use$fp                               0x08000975   Thumb Code     0  iusefp.o(.text)
    _float_round                             0x08000975   Thumb Code    18  fepilogue.o(.text)
    _float_epilogue                          0x08000987   Thumb Code    92  fepilogue.o(.text)
    _double_round                            0x080009e3   Thumb Code    30  depilogue.o(.text)
    _double_epilogue                         0x08000a01   Thumb Code   156  depilogue.o(.text)
    __aeabi_d2ulz                            0x08000a9d   Thumb Code    48  dfixul.o(.text)
    __aeabi_cdrcmple                         0x08000acd   Thumb Code    48  cdrcmple.o(.text)
    __scatterload                            0x08000afd   Thumb Code    28  init.o(.text)
    __scatterload_rt2                        0x08000afd   Thumb Code     0  init.o(.text)
    isspace                                  0x08000b21   Thumb Code    10  isspace_c.o(.text)
    __vfscanf                                0x08000b2d   Thumb Code   808  _scanf.o(.text)
    __ctype_lookup                           0x08000e59   Thumb Code    34  ctype_c.o(.text)
    ADC_Cmd                                  0x08000e81   Thumb Code    22  stm32f10x_adc.o(i.ADC_Cmd)
    ADC_Configuration                        0x08000e99   Thumb Code   138  adc.o(i.ADC_Configuration)
    ADC_DMACmd                               0x08000f29   Thumb Code    22  stm32f10x_adc.o(i.ADC_DMACmd)
    ADC_DMA_Init                             0x08000f41   Thumb Code    74  adc.o(i.ADC_DMA_Init)
    ADC_GPIO_Init                            0x08000f99   Thumb Code    48  adc.o(i.ADC_GPIO_Init)
    ADC_GetCalibrationStatus                 0x08000fcd   Thumb Code    20  stm32f10x_adc.o(i.ADC_GetCalibrationStatus)
    ADC_GetResetCalibrationStatus            0x08000fe1   Thumb Code    20  stm32f10x_adc.o(i.ADC_GetResetCalibrationStatus)
    ADC_Init                                 0x08000ff5   Thumb Code    70  stm32f10x_adc.o(i.ADC_Init)
    ADC_RegularChannelConfig                 0x08001045   Thumb Code   184  stm32f10x_adc.o(i.ADC_RegularChannelConfig)
    ADC_ResetCalibration                     0x080010fd   Thumb Code    10  stm32f10x_adc.o(i.ADC_ResetCalibration)
    ADC_SoftwareStartConvCmd                 0x08001107   Thumb Code    22  stm32f10x_adc.o(i.ADC_SoftwareStartConvCmd)
    ADC_StartCalibration                     0x0800111d   Thumb Code    10  stm32f10x_adc.o(i.ADC_StartCalibration)
    AHT10_Data                               0x08001129   Thumb Code   254  aht10.o(i.AHT10_Data)
    AHT10_Init                               0x08001239   Thumb Code   146  aht10.o(i.AHT10_Init)
    AHT10_ReadData                           0x080012cb   Thumb Code    52  aht10.o(i.AHT10_ReadData)
    AHT10_ReadStatus                         0x080012ff   Thumb Code    32  aht10.o(i.AHT10_ReadStatus)
    AHT10_Read_CalEnable                     0x0800131f   Thumb Code    26  aht10.o(i.AHT10_Read_CalEnable)
    AHT10_Reset                              0x08001339   Thumb Code    32  aht10.o(i.AHT10_Reset)
    AT24CXX_ReadLenByte                      0x08001359   Thumb Code    44  24cxx.o(i.AT24CXX_ReadLenByte)
    AT24CXX_ReadOneByte                      0x08001385   Thumb Code    88  24cxx.o(i.AT24CXX_ReadOneByte)
    AT24CXX_WriteLenByte                     0x080013dd   Thumb Code    42  24cxx.o(i.AT24CXX_WriteLenByte)
    AT24CXX_WriteOneByte                     0x08001407   Thumb Code    80  24cxx.o(i.AT24CXX_WriteOneByte)
    Aht10Monitor                             0x08001459   Thumb Code    74  monitor.o(i.Aht10Monitor)
    AliDriver                                0x080014c9   Thumb Code   144  alidata.o(i.AliDriver)
    AliIoT_MQTT_DataInit                     0x080015a5   Thumb Code   140  cat1.o(i.AliIoT_MQTT_DataInit)
    BH1750_Init                              0x08001709   Thumb Code    10  bh1750.o(i.BH1750_Init)
    BH1750_ReadData                          0x08001713   Thumb Code    30  bh1750.o(i.BH1750_ReadData)
    BusFault_Handler                         0x08001731   Thumb Code     4  stm32f10x_it.o(i.BusFault_Handler)
    CAT1_CGATT_Check                         0x08001735   Thumb Code    34  cat1.o(i.CAT1_CGATT_Check)
    CAT1_CIFSR_Check                         0x08001775   Thumb Code   140  cat1.o(i.CAT1_CIFSR_Check)
    CAT1_CPIN_Check                          0x08001865   Thumb Code    34  cat1.o(i.CAT1_CPIN_Check)
    CAT1_ConnectServer                       0x080018a9   Thumb Code   492  cat1.o(i.CAT1_ConnectServer)
    CAT1_DataBuff_Init                       0x08001d4d   Thumb Code    42  cat1.o(i.CAT1_DataBuff_Init)
    CAT1_GetCSQ                              0x08001da1   Thumb Code    32  cat1.o(i.CAT1_GetCSQ)
    CAT1_Init                                0x08001dd9   Thumb Code   120  cat1.o(i.CAT1_Init)
    CAT1_Publish                             0x08001ea9   Thumb Code   196  cat1.o(i.CAT1_Publish)
    CAT1_PushData                            0x08001fe1   Thumb Code    74  cat1.o(i.CAT1_PushData)
    CAT1_ResetIO_Init                        0x08002051   Thumb Code    38  cat1.o(i.CAT1_ResetIO_Init)
    CAT1_SendCmd                             0x0800207d   Thumb Code   110  cat1.o(i.CAT1_SendCmd)
    CHECK_GPIO_Init                          0x08002131   Thumb Code    34  motor.o(i.CHECK_GPIO_Init)
    CarbonMonitor                            0x08002159   Thumb Code   100  monitor.o(i.CarbonMonitor)
    DATA_Init                                0x080021f1   Thumb Code   266  monitor.o(i.DATA_Init)
    DMA_Cmd                                  0x08002331   Thumb Code    24  stm32f10x_dma.o(i.DMA_Cmd)
    DMA_DeInit                               0x08002349   Thumb Code   324  stm32f10x_dma.o(i.DMA_DeInit)
    DMA_Init                                 0x08002495   Thumb Code    60  stm32f10x_dma.o(i.DMA_Init)
    DealAliCmd                               0x080024d1   Thumb Code    22  monitor.o(i.DealAliCmd)
    DebugMon_Handler                         0x080024e7   Thumb Code     2  stm32f10x_it.o(i.DebugMon_Handler)
    EXTI15_10_IRQHandler                     0x080024e9   Thumb Code    72  exti.o(i.EXTI15_10_IRQHandler)
    EXTIX_Init                               0x0800255d   Thumb Code   116  exti.o(i.EXTIX_Init)
    EXTI_ClearITPendingBit                   0x080025d1   Thumb Code     6  stm32f10x_exti.o(i.EXTI_ClearITPendingBit)
    EXTI_GetITStatus                         0x080025dd   Thumb Code    34  stm32f10x_exti.o(i.EXTI_GetITStatus)
    EXTI_Init                                0x08002605   Thumb Code   142  stm32f10x_exti.o(i.EXTI_Init)
    EnvirState                               0x08002699   Thumb Code    86  monitor.o(i.EnvirState)
    FLASH_PrefetchBufferCmd                  0x0800272d   Thumb Code    22  stm32f10x_flash.o(i.FLASH_PrefetchBufferCmd)
    FLASH_SetLatency                         0x08002749   Thumb Code    18  stm32f10x_flash.o(i.FLASH_SetLatency)
    GPIO_EXTILineConfig                      0x08002761   Thumb Code    60  stm32f10x_gpio.o(i.GPIO_EXTILineConfig)
    GPIO_Init                                0x080027a1   Thumb Code   278  stm32f10x_gpio.o(i.GPIO_Init)
    GPIO_PinRemapConfig                      0x080028b9   Thumb Code   138  stm32f10x_gpio.o(i.GPIO_PinRemapConfig)
    GPIO_ReadInputDataBit                    0x08002949   Thumb Code    18  stm32f10x_gpio.o(i.GPIO_ReadInputDataBit)
    GPIO_ReadOutputDataBit                   0x0800295b   Thumb Code    18  stm32f10x_gpio.o(i.GPIO_ReadOutputDataBit)
    GPIO_ResetBits                           0x0800296d   Thumb Code     4  stm32f10x_gpio.o(i.GPIO_ResetBits)
    GPIO_SetBits                             0x08002971   Thumb Code     4  stm32f10x_gpio.o(i.GPIO_SetBits)
    GPIO_WriteBit                            0x08002975   Thumb Code    10  stm32f10x_gpio.o(i.GPIO_WriteBit)
    HardFault_Handler                        0x0800297f   Thumb Code     4  stm32f10x_it.o(i.HardFault_Handler)
    IIC_Ack                                  0x08002985   Thumb Code    48  i2c.o(i.IIC_Ack)
    IIC_Init                                 0x080029bd   Thumb Code    46  i2c.o(i.IIC_Init)
    IIC_NAck                                 0x080029f1   Thumb Code    48  i2c.o(i.IIC_NAck)
    IIC_Read_Byte                            0x08002a29   Thumb Code    80  i2c.o(i.IIC_Read_Byte)
    IIC_Send_Byte                            0x08002a81   Thumb Code    86  i2c.o(i.IIC_Send_Byte)
    IIC_Start                                0x08002ae1   Thumb Code    46  i2c.o(i.IIC_Start)
    IIC_Stop                                 0x08002b19   Thumb Code    44  i2c.o(i.IIC_Stop)
    IIC_Wait_Ack                             0x08002b4d   Thumb Code    68  i2c.o(i.IIC_Wait_Ack)
    JTAG_Configuration                       0x08002b99   Thumb Code    24  sys.o(i.JTAG_Configuration)
    MemManage_Handler                        0x08002bb5   Thumb Code     4  stm32f10x_it.o(i.MemManage_Handler)
    Motor_Check                              0x08002bb9   Thumb Code    32  motor.o(i.Motor_Check)
    Motor_Init                               0x08002be5   Thumb Code    40  motor.o(i.Motor_Init)
    Multiple_Read_BH1750                     0x08002c11   Thumb Code    42  bh1750.o(i.Multiple_Read_BH1750)
    NMI_Handler                              0x08002c3b   Thumb Code     2  stm32f10x_it.o(i.NMI_Handler)
    NVIC_Configuration                       0x08002c3d   Thumb Code    12  sys.o(i.NVIC_Configuration)
    NVIC_Init                                0x08002c49   Thumb Code   100  misc.o(i.NVIC_Init)
    NVIC_PriorityGroupConfig                 0x08002cb9   Thumb Code    10  misc.o(i.NVIC_PriorityGroupConfig)
    NetMonitor                               0x08002ccd   Thumb Code    24  monitor.o(i.NetMonitor)
    PendSV_Handler                           0x08002cf5   Thumb Code     2  stm32f10x_it.o(i.PendSV_Handler)
    PubInitData                              0x08002cf7   Thumb Code     8  monitor.o(i.PubInitData)
    RCC_AHBPeriphClockCmd                    0x08002d01   Thumb Code    26  stm32f10x_rcc.o(i.RCC_AHBPeriphClockCmd)
    RCC_APB1PeriphClockCmd                   0x08002d21   Thumb Code    26  stm32f10x_rcc.o(i.RCC_APB1PeriphClockCmd)
    RCC_APB1PeriphResetCmd                   0x08002d41   Thumb Code    26  stm32f10x_rcc.o(i.RCC_APB1PeriphResetCmd)
    RCC_APB2PeriphClockCmd                   0x08002d61   Thumb Code    26  stm32f10x_rcc.o(i.RCC_APB2PeriphClockCmd)
    RCC_APB2PeriphResetCmd                   0x08002d81   Thumb Code    26  stm32f10x_rcc.o(i.RCC_APB2PeriphResetCmd)
    RCC_Configuration                        0x08002da1   Thumb Code   100  sys.o(i.RCC_Configuration)
    RCC_DeInit                               0x08002e05   Thumb Code    64  stm32f10x_rcc.o(i.RCC_DeInit)
    RCC_GetClocksFreq                        0x08002e51   Thumb Code   192  stm32f10x_rcc.o(i.RCC_GetClocksFreq)
    RCC_GetFlagStatus                        0x08002f25   Thumb Code    56  stm32f10x_rcc.o(i.RCC_GetFlagStatus)
    RCC_GetSYSCLKSource                      0x08002f61   Thumb Code    10  stm32f10x_rcc.o(i.RCC_GetSYSCLKSource)
    RCC_HCLKConfig                           0x08002f71   Thumb Code    18  stm32f10x_rcc.o(i.RCC_HCLKConfig)
    RCC_HSEConfig                            0x08002f89   Thumb Code    70  stm32f10x_rcc.o(i.RCC_HSEConfig)
    RCC_PCLK1Config                          0x08002fd5   Thumb Code    18  stm32f10x_rcc.o(i.RCC_PCLK1Config)
    RCC_PCLK2Config                          0x08002fed   Thumb Code    20  stm32f10x_rcc.o(i.RCC_PCLK2Config)
    RCC_PLLCmd                               0x08003005   Thumb Code     6  stm32f10x_rcc.o(i.RCC_PLLCmd)
    RCC_PLLConfig                            0x08003011   Thumb Code    24  stm32f10x_rcc.o(i.RCC_PLLConfig)
    RCC_SYSCLKConfig                         0x0800302d   Thumb Code    18  stm32f10x_rcc.o(i.RCC_SYSCLKConfig)
    RCC_WaitForHSEStartUp                    0x08003045   Thumb Code    56  stm32f10x_rcc.o(i.RCC_WaitForHSEStartUp)
    SDA_IN                                   0x0800307d   Thumb Code    24  i2c.o(i.SDA_IN)
    SDA_OUT                                  0x08003099   Thumb Code    30  i2c.o(i.SDA_OUT)
    SVC_Handler                              0x080030bd   Thumb Code     2  stm32f10x_it.o(i.SVC_Handler)
    SecMonitor                               0x080030c1   Thumb Code   130  monitor.o(i.SecMonitor)
    Single_Write_BH1750                      0x08003249   Thumb Code    34  bh1750.o(i.Single_Write_BH1750)
    SoilMonitor                              0x0800326d   Thumb Code    86  monitor.o(i.SoilMonitor)
    StartMotor                               0x080032ed   Thumb Code    40  motor.o(i.StartMotor)
    StopMotor                                0x0800331d   Thumb Code    36  motor.o(i.StopMotor)
    SwitchIoTCmd                             0x0800334d   Thumb Code   412  monitor.o(i.SwitchIoTCmd)
    SwitchMonitor                            0x08003659   Thumb Code   470  monitor.o(i.SwitchMonitor)
    SwitchState                              0x080038c9   Thumb Code    88  monitor.o(i.SwitchState)
    Switch_Init                              0x08003965   Thumb Code    50  switch.o(i.Switch_Init)
    Switch_SetState                          0x0800399d   Thumb Code    80  switch.o(i.Switch_SetState)
    SysTick_Handler                          0x080039f1   Thumb Code     2  stm32f10x_it.o(i.SysTick_Handler)
    SysdatState                              0x080039f5   Thumb Code    62  monitor.o(i.SysdatState)
    SysdatStateAck                           0x08003a85   Thumb Code    34  monitor.o(i.SysdatStateAck)
    SystemDataCmd                            0x08003ae1   Thumb Code   402  monitor.o(i.SystemDataCmd)
    SystemInit                               0x08003de5   Thumb Code    78  system_stm32f10x.o(i.SystemInit)
    TIM2_IRQHandler                          0x08003e45   Thumb Code   116  tim2.o(i.TIM2_IRQHandler)
    TIM2_Init                                0x08003ecd   Thumb Code   110  tim2.o(i.TIM2_Init)
    TIM3_IRQHandler                          0x08003f3d   Thumb Code   100  tim3.o(i.TIM3_IRQHandler)
    TIM3_Init                                0x08003fb9   Thumb Code    64  tim3.o(i.TIM3_Init)
    TIM3_NVIC_Init                           0x08003ffd   Thumb Code    34  tim3.o(i.TIM3_NVIC_Init)
    TIM4_IRQHandler                          0x08004021   Thumb Code    26  tim4.o(i.TIM4_IRQHandler)
    TIM4_Init                                0x08004041   Thumb Code    64  tim4.o(i.TIM4_Init)
    TIM4_NVIC_Init                           0x08004085   Thumb Code    34  tim4.o(i.TIM4_NVIC_Init)
    TIM_ClearITPendingBit                    0x080040a7   Thumb Code     6  stm32f10x_tim.o(i.TIM_ClearITPendingBit)
    TIM_Cmd                                  0x080040ad   Thumb Code    24  stm32f10x_tim.o(i.TIM_Cmd)
    TIM_GetITStatus                          0x080040c5   Thumb Code    34  stm32f10x_tim.o(i.TIM_GetITStatus)
    TIM_ITConfig                             0x080040e7   Thumb Code    18  stm32f10x_tim.o(i.TIM_ITConfig)
    TIM_SetCounter                           0x080040f9   Thumb Code     4  stm32f10x_tim.o(i.TIM_SetCounter)
    TIM_TimeBaseInit                         0x080040fd   Thumb Code   122  stm32f10x_tim.o(i.TIM_TimeBaseInit)
    TurnMotor                                0x080041a1   Thumb Code   190  motor.o(i.TurnMotor)
    USART1_IRQHandler                        0x08004275   Thumb Code    14  usart1.o(i.USART1_IRQHandler)
    USART2_IRQHandler                        0x08004289   Thumb Code   114  usart2.o(i.USART2_IRQHandler)
    USART_ClearFlag                          0x08004311   Thumb Code    18  stm32f10x_usart.o(i.USART_ClearFlag)
    USART_Cmd                                0x08004323   Thumb Code    24  stm32f10x_usart.o(i.USART_Cmd)
    USART_DeInit                             0x0800433d   Thumb Code   134  stm32f10x_usart.o(i.USART_DeInit)
    USART_GetITStatus                        0x080043d9   Thumb Code    84  stm32f10x_usart.o(i.USART_GetITStatus)
    USART_ITConfig                           0x0800442d   Thumb Code    74  stm32f10x_usart.o(i.USART_ITConfig)
    USART_Init                               0x08004479   Thumb Code   210  stm32f10x_usart.o(i.USART_Init)
    UsageFault_Handler                       0x08004551   Thumb Code     4  stm32f10x_it.o(i.UsageFault_Handler)
    Usart1_Init                              0x08004555   Thumb Code   118  usart1.o(i.Usart1_Init)
    Usart2_Init                              0x080045d5   Thumb Code   176  usart2.o(i.Usart2_Init)
    __0sprintf                               0x0800468d   Thumb Code    34  printfa.o(i.__0sprintf)
    __1sprintf                               0x0800468d   Thumb Code     0  printfa.o(i.__0sprintf)
    __2sprintf                               0x0800468d   Thumb Code     0  printfa.o(i.__0sprintf)
    __c89sprintf                             0x0800468d   Thumb Code     0  printfa.o(i.__0sprintf)
    sprintf                                  0x0800468d   Thumb Code     0  printfa.o(i.__0sprintf)
    __0vsprintf                              0x080046b5   Thumb Code    30  printfa.o(i.__0vsprintf)
    __1vsprintf                              0x080046b5   Thumb Code     0  printfa.o(i.__0vsprintf)
    __2vsprintf                              0x080046b5   Thumb Code     0  printfa.o(i.__0vsprintf)
    __c89vsprintf                            0x080046b5   Thumb Code     0  printfa.o(i.__0vsprintf)
    vsprintf                                 0x080046b5   Thumb Code     0  printfa.o(i.__0vsprintf)
    __scatterload_copy                       0x080046d9   Thumb Code    14  handlers.o(i.__scatterload_copy)
    __scatterload_null                       0x080046e7   Thumb Code     2  handlers.o(i.__scatterload_null)
    __scatterload_zeroinit                   0x080046e9   Thumb Code    14  handlers.o(i.__scatterload_zeroinit)
    delay_ms                                 0x08004fb5   Thumb Code    26  delay.o(i.delay_ms)
    delay_us                                 0x08004fcf   Thumb Code    46  delay.o(i.delay_us)
    illumiMonitor                            0x08004ffd   Thumb Code    52  monitor.o(i.illumiMonitor)
    main                                     0x0800504d   Thumb Code   130  main.o(i.main)
    u1_printf                                0x080050d1   Thumb Code    84  usart1.o(i.u1_printf)
    u2_printf                                0x0800512d   Thumb Code    84  usart2.o(i.u2_printf)
    utils_hb2hex                             0x08005189   Thumb Code    24  utils_md5.o(i.utils_hb2hex)
    utils_hmac_sha1                          0x080051a1   Thumb Code   232  utils_hmac.o(i.utils_hmac_sha1)
    utils_sha1_finish                        0x08005289   Thumb Code   228  utils_sha1.o(i.utils_sha1_finish)
    utils_sha1_init                          0x08005371   Thumb Code    14  utils_sha1.o(i.utils_sha1_init)
    utils_sha1_process                       0x08005381   Thumb Code  6420  utils_sha1.o(i.utils_sha1_process)
    utils_sha1_starts                        0x08006c9d   Thumb Code    30  utils_sha1.o(i.utils_sha1_starts)
    utils_sha1_update                        0x08006cc9   Thumb Code   124  utils_sha1.o(i.utils_sha1_update)
    __ctype_categories                       0x08006d84   Data          64  ctype_c.o(.constdata)
    Region$$Table$$Base                      0x08007158   Number         0  anon$$obj.o(Region$$Table)
    Region$$Table$$Limit                     0x08007178   Number         0  anon$$obj.o(Region$$Table)
    ADC_DMA_IN                               0x20000014   Data           4  adc.o(.data)
    flag10s                                  0x20000018   Data           1  tim3.o(.data)
    flag1min                                 0x20000019   Data           1  tim3.o(.data)
    Usart2_RxCompleted                       0x2000001c   Data           1  usart2.o(.data)
    Usart2_RxCounter                         0x20000020   Data           4  usart2.o(.data)
    Connect_flag                             0x20000024   Data           1  cat1.o(.data)
    Send_flag                                0x20000025   Data           1  cat1.o(.data)
    RxDataInPtr                              0x20000028   Data           4  cat1.o(.data)
    RxDataOutPtr                             0x2000002c   Data           4  cat1.o(.data)
    RxDataEndPtr                             0x20000030   Data           4  cat1.o(.data)
    TxDataInPtr                              0x20000034   Data           4  cat1.o(.data)
    TxDataOutPtr                             0x20000038   Data           4  cat1.o(.data)
    TxDataEndPtr                             0x2000003c   Data           4  cat1.o(.data)
    beats                                    0x20000040   Data           4  motor.o(.data)
    LightSwitchState                         0x20000045   Data           1  switch.o(.data)
    UploadTime                               0x20000046   Data           1  monitor.o(.data)
    SwitchMode                               0x20000047   Data           1  monitor.o(.data)
    envThreshold                             0x20000048   Data           8  monitor.o(.data)
    Usart1_TxBuff                            0x20000058   Data         256  usart1.o(.bss)
    Usart2_RxBuff                            0x20000158   Data        1024  usart2.o(.bss)
    USART2_TxBuff                            0x20000558   Data        1024  usart2.o(.bss)
    RxDataBuf                                0x20000958   Data        2500  cat1.o(.bss)
    TxDataBuf                                0x2000131c   Data        2500  cat1.o(.bss)
    envirData                                0x20001ce0   Data          16  monitor.o(.bss)
    __initial_sp                             0x200020f0   Data           0  startup_stm32f10x_md.o(STACK)



==============================================================================

Memory Map of the image

  Image Entry point : 0x080000ed

  Load Region LR_IROM1 (Base: 0x08000000, Size: 0x000071d0, Max: 0x00010000, ABSOLUTE)

    Execution Region ER_IROM1 (Exec base: 0x08000000, Load base: 0x08000000, Size: 0x00007178, Max: 0x00010000, ABSOLUTE)

    Exec Addr    Load Addr    Size         Type   Attr      Idx    E Section Name        Object

    0x08000000   0x08000000   0x000000ec   Data   RO         1736    RESET               startup_stm32f10x_md.o
    0x080000ec   0x080000ec   0x00000000   Code   RO         2775  * .ARM.Collect$$$$00000000  mc_w.l(entry.o)
    0x080000ec   0x080000ec   0x00000004   Code   RO         3075    .ARM.Collect$$$$00000001  mc_w.l(entry2.o)
    0x080000f0   0x080000f0   0x00000004   Code   RO         3078    .ARM.Collect$$$$00000004  mc_w.l(entry5.o)
    0x080000f4   0x080000f4   0x00000000   Code   RO         3080    .ARM.Collect$$$$00000008  mc_w.l(entry7b.o)
    0x080000f4   0x080000f4   0x00000000   Code   RO         3082    .ARM.Collect$$$$0000000A  mc_w.l(entry8b.o)
    0x080000f4   0x080000f4   0x00000008   Code   RO         3083    .ARM.Collect$$$$0000000B  mc_w.l(entry9a.o)
    0x080000fc   0x080000fc   0x00000000   Code   RO         3085    .ARM.Collect$$$$0000000D  mc_w.l(entry10a.o)
    0x080000fc   0x080000fc   0x00000000   Code   RO         3087    .ARM.Collect$$$$0000000F  mc_w.l(entry11a.o)
    0x080000fc   0x080000fc   0x00000004   Code   RO         3076    .ARM.Collect$$$$00002712  mc_w.l(entry2.o)
    0x08000100   0x08000100   0x00000024   Code   RO         1737    .text               startup_stm32f10x_md.o
    0x08000124   0x08000124   0x00000024   Code   RO         2778    .text               mc_w.l(memcpya.o)
    0x08000148   0x08000148   0x00000024   Code   RO         2780    .text               mc_w.l(memseta.o)
    0x0800016c   0x0800016c   0x00000024   Code   RO         2782    .text               mc_w.l(strstr.o)
    0x08000190   0x08000190   0x0000000e   Code   RO         2784    .text               mc_w.l(strlen.o)
    0x0800019e   0x0800019e   0x00000002   PAD
    0x080001a0   0x080001a0   0x00000038   Code   RO         3049    .text               mc_w.l(__0sscanf.o)
    0x080001d8   0x080001d8   0x0000014c   Code   RO         3051    .text               mc_w.l(_scanf_int.o)
    0x08000324   0x08000324   0x000000e0   Code   RO         3053    .text               mc_w.l(_scanf_str.o)
    0x08000404   0x08000404   0x0000014e   Code   RO         3055    .text               mf_w.l(dadd.o)
    0x08000552   0x08000552   0x000000e4   Code   RO         3057    .text               mf_w.l(dmul.o)
    0x08000636   0x08000636   0x000000de   Code   RO         3059    .text               mf_w.l(ddiv.o)
    0x08000714   0x08000714   0x0000000a   Code   RO         3061    .text               mf_w.l(ffltui.o)
    0x0800071e   0x0800071e   0x00000022   Code   RO         3063    .text               mf_w.l(dflti.o)
    0x08000740   0x08000740   0x0000001a   Code   RO         3065    .text               mf_w.l(dfltui.o)
    0x0800075a   0x0800075a   0x00000032   Code   RO         3067    .text               mf_w.l(dfixui.o)
    0x0800078c   0x0800078c   0x00000026   Code   RO         3069    .text               mf_w.l(f2d.o)
    0x080007b2   0x080007b2   0x00000038   Code   RO         3071    .text               mf_w.l(d2f.o)
    0x080007ea   0x080007ea   0x00000002   PAD
    0x080007ec   0x080007ec   0x00000014   Code   RO         3073    .text               mf_w.l(cfrcmple.o)
    0x08000800   0x08000800   0x0000002c   Code   RO         3092    .text               mc_w.l(uidiv.o)
    0x0800082c   0x0800082c   0x00000062   Code   RO         3094    .text               mc_w.l(uldiv.o)
    0x0800088e   0x0800088e   0x0000001e   Code   RO         3096    .text               mc_w.l(llshl.o)
    0x080008ac   0x080008ac   0x00000020   Code   RO         3098    .text               mc_w.l(llushr.o)
    0x080008cc   0x080008cc   0x00000024   Code   RO         3100    .text               mc_w.l(llsshr.o)
    0x080008f0   0x080008f0   0x0000001c   Code   RO         3102    .text               mc_w.l(_chval.o)
    0x0800090c   0x0800090c   0x00000028   Code   RO         3104    .text               mc_w.l(scanf_char.o)
    0x08000934   0x08000934   0x00000040   Code   RO         3106    .text               mc_w.l(_sgetc.o)
    0x08000974   0x08000974   0x00000000   Code   RO         3108    .text               mc_w.l(iusefp.o)
    0x08000974   0x08000974   0x0000006e   Code   RO         3109    .text               mf_w.l(fepilogue.o)
    0x080009e2   0x080009e2   0x000000ba   Code   RO         3111    .text               mf_w.l(depilogue.o)
    0x08000a9c   0x08000a9c   0x00000030   Code   RO         3113    .text               mf_w.l(dfixul.o)
    0x08000acc   0x08000acc   0x00000030   Code   RO         3115    .text               mf_w.l(cdrcmple.o)
    0x08000afc   0x08000afc   0x00000024   Code   RO         3117    .text               mc_w.l(init.o)
    0x08000b20   0x08000b20   0x0000000a   Code   RO         3120    .text               mc_w.l(isspace_c.o)
    0x08000b2a   0x08000b2a   0x00000002   PAD
    0x08000b2c   0x08000b2c   0x0000032c   Code   RO         3122    .text               mc_w.l(_scanf.o)
    0x08000e58   0x08000e58   0x00000028   Code   RO         3125    .text               mc_w.l(ctype_c.o)
    0x08000e80   0x08000e80   0x00000016   Code   RO         1392    i.ADC_Cmd           stm32f10x_adc.o
    0x08000e96   0x08000e96   0x00000002   PAD
    0x08000e98   0x08000e98   0x00000090   Code   RO         1975    i.ADC_Configuration  adc.o
    0x08000f28   0x08000f28   0x00000016   Code   RO         1393    i.ADC_DMACmd        stm32f10x_adc.o
    0x08000f3e   0x08000f3e   0x00000002   PAD
    0x08000f40   0x08000f40   0x00000058   Code   RO         1976    i.ADC_DMA_Init      adc.o
    0x08000f98   0x08000f98   0x00000034   Code   RO         1977    i.ADC_GPIO_Init     adc.o
    0x08000fcc   0x08000fcc   0x00000014   Code   RO         1400    i.ADC_GetCalibrationStatus  stm32f10x_adc.o
    0x08000fe0   0x08000fe0   0x00000014   Code   RO         1406    i.ADC_GetResetCalibrationStatus  stm32f10x_adc.o
    0x08000ff4   0x08000ff4   0x00000050   Code   RO         1410    i.ADC_Init          stm32f10x_adc.o
    0x08001044   0x08001044   0x000000b8   Code   RO         1414    i.ADC_RegularChannelConfig  stm32f10x_adc.o
    0x080010fc   0x080010fc   0x0000000a   Code   RO         1415    i.ADC_ResetCalibration  stm32f10x_adc.o
    0x08001106   0x08001106   0x00000016   Code   RO         1417    i.ADC_SoftwareStartConvCmd  stm32f10x_adc.o
    0x0800111c   0x0800111c   0x0000000a   Code   RO         1419    i.ADC_StartCalibration  stm32f10x_adc.o
    0x08001126   0x08001126   0x00000002   PAD
    0x08001128   0x08001128   0x00000110   Code   RO         2351    i.AHT10_Data        aht10.o
    0x08001238   0x08001238   0x00000092   Code   RO         2352    i.AHT10_Init        aht10.o
    0x080012ca   0x080012ca   0x00000034   Code   RO         2353    i.AHT10_ReadData    aht10.o
    0x080012fe   0x080012fe   0x00000020   Code   RO         2354    i.AHT10_ReadStatus  aht10.o
    0x0800131e   0x0800131e   0x0000001a   Code   RO         2355    i.AHT10_Read_CalEnable  aht10.o
    0x08001338   0x08001338   0x00000020   Code   RO         2356    i.AHT10_Reset       aht10.o
    0x08001358   0x08001358   0x0000002c   Code   RO         2297    i.AT24CXX_ReadLenByte  24cxx.o
    0x08001384   0x08001384   0x00000058   Code   RO         2298    i.AT24CXX_ReadOneByte  24cxx.o
    0x080013dc   0x080013dc   0x0000002a   Code   RO         2300    i.AT24CXX_WriteLenByte  24cxx.o
    0x08001406   0x08001406   0x00000050   Code   RO         2301    i.AT24CXX_WriteOneByte  24cxx.o
    0x08001456   0x08001456   0x00000002   PAD
    0x08001458   0x08001458   0x00000070   Code   RO         2504    i.Aht10Monitor      monitor.o
    0x080014c8   0x080014c8   0x000000dc   Code   RO         2462    i.AliDriver         alidata.o
    0x080015a4   0x080015a4   0x00000164   Code   RO         2191    i.AliIoT_MQTT_DataInit  cat1.o
    0x08001708   0x08001708   0x0000000a   Code   RO         2474    i.BH1750_Init       bh1750.o
    0x08001712   0x08001712   0x0000001e   Code   RO         2475    i.BH1750_ReadData   bh1750.o
    0x08001730   0x08001730   0x00000004   Code   RO         1822    i.BusFault_Handler  stm32f10x_it.o
    0x08001734   0x08001734   0x00000040   Code   RO         2192    i.CAT1_CGATT_Check  cat1.o
    0x08001774   0x08001774   0x000000f0   Code   RO         2193    i.CAT1_CIFSR_Check  cat1.o
    0x08001864   0x08001864   0x00000044   Code   RO         2194    i.CAT1_CPIN_Check   cat1.o
    0x080018a8   0x080018a8   0x000004a4   Code   RO         2195    i.CAT1_ConnectServer  cat1.o
    0x08001d4c   0x08001d4c   0x00000054   Code   RO         2196    i.CAT1_DataBuff_Init  cat1.o
    0x08001da0   0x08001da0   0x00000038   Code   RO         2197    i.CAT1_GetCSQ       cat1.o
    0x08001dd8   0x08001dd8   0x000000d0   Code   RO         2198    i.CAT1_Init         cat1.o
    0x08001ea8   0x08001ea8   0x00000138   Code   RO         2199    i.CAT1_Publish      cat1.o
    0x08001fe0   0x08001fe0   0x00000070   Code   RO         2200    i.CAT1_PushData     cat1.o
    0x08002050   0x08002050   0x0000002c   Code   RO         2201    i.CAT1_ResetIO_Init  cat1.o
    0x0800207c   0x0800207c   0x000000b4   Code   RO         2202    i.CAT1_SendCmd      cat1.o
    0x08002130   0x08002130   0x00000028   Code   RO         2393    i.CHECK_GPIO_Init   motor.o
    0x08002158   0x08002158   0x00000098   Code   RO         2505    i.CarbonMonitor     monitor.o
    0x080021f0   0x080021f0   0x00000140   Code   RO         2506    i.DATA_Init         monitor.o
    0x08002330   0x08002330   0x00000018   Code   RO         1610    i.DMA_Cmd           stm32f10x_dma.o
    0x08002348   0x08002348   0x0000014c   Code   RO         1611    i.DMA_DeInit        stm32f10x_dma.o
    0x08002494   0x08002494   0x0000003c   Code   RO         1616    i.DMA_Init          stm32f10x_dma.o
    0x080024d0   0x080024d0   0x00000016   Code   RO         2507    i.DealAliCmd        monitor.o
    0x080024e6   0x080024e6   0x00000002   Code   RO         1823    i.DebugMon_Handler  stm32f10x_it.o
    0x080024e8   0x080024e8   0x00000074   Code   RO         2006    i.EXTI15_10_IRQHandler  exti.o
    0x0800255c   0x0800255c   0x00000074   Code   RO         2007    i.EXTIX_Init        exti.o
    0x080025d0   0x080025d0   0x0000000c   Code   RO         1681    i.EXTI_ClearITPendingBit  stm32f10x_exti.o
    0x080025dc   0x080025dc   0x00000028   Code   RO         1685    i.EXTI_GetITStatus  stm32f10x_exti.o
    0x08002604   0x08002604   0x00000094   Code   RO         1686    i.EXTI_Init         stm32f10x_exti.o
    0x08002698   0x08002698   0x00000094   Code   RO         2508    i.EnvirState        monitor.o
    0x0800272c   0x0800272c   0x0000001c   Code   RO         1229    i.FLASH_PrefetchBufferCmd  stm32f10x_flash.o
    0x08002748   0x08002748   0x00000018   Code   RO         1234    i.FLASH_SetLatency  stm32f10x_flash.o
    0x08002760   0x08002760   0x00000040   Code   RO          173    i.GPIO_EXTILineConfig  stm32f10x_gpio.o
    0x080027a0   0x080027a0   0x00000116   Code   RO          176    i.GPIO_Init         stm32f10x_gpio.o
    0x080028b6   0x080028b6   0x00000002   PAD
    0x080028b8   0x080028b8   0x00000090   Code   RO          178    i.GPIO_PinRemapConfig  stm32f10x_gpio.o
    0x08002948   0x08002948   0x00000012   Code   RO          180    i.GPIO_ReadInputDataBit  stm32f10x_gpio.o
    0x0800295a   0x0800295a   0x00000012   Code   RO          182    i.GPIO_ReadOutputDataBit  stm32f10x_gpio.o
    0x0800296c   0x0800296c   0x00000004   Code   RO          183    i.GPIO_ResetBits    stm32f10x_gpio.o
    0x08002970   0x08002970   0x00000004   Code   RO          184    i.GPIO_SetBits      stm32f10x_gpio.o
    0x08002974   0x08002974   0x0000000a   Code   RO          187    i.GPIO_WriteBit     stm32f10x_gpio.o
    0x0800297e   0x0800297e   0x00000004   Code   RO         1824    i.HardFault_Handler  stm32f10x_it.o
    0x08002982   0x08002982   0x00000002   PAD
    0x08002984   0x08002984   0x00000038   Code   RO         1909    i.IIC_Ack           i2c.o
    0x080029bc   0x080029bc   0x00000034   Code   RO         1910    i.IIC_Init          i2c.o
    0x080029f0   0x080029f0   0x00000038   Code   RO         1911    i.IIC_NAck          i2c.o
    0x08002a28   0x08002a28   0x00000058   Code   RO         1912    i.IIC_Read_Byte     i2c.o
    0x08002a80   0x08002a80   0x00000060   Code   RO         1913    i.IIC_Send_Byte     i2c.o
    0x08002ae0   0x08002ae0   0x00000038   Code   RO         1914    i.IIC_Start         i2c.o
    0x08002b18   0x08002b18   0x00000034   Code   RO         1915    i.IIC_Stop          i2c.o
    0x08002b4c   0x08002b4c   0x0000004c   Code   RO         1916    i.IIC_Wait_Ack      i2c.o
    0x08002b98   0x08002b98   0x0000001c   Code   RO         1885    i.JTAG_Configuration  sys.o
    0x08002bb4   0x08002bb4   0x00000004   Code   RO         1825    i.MemManage_Handler  stm32f10x_it.o
    0x08002bb8   0x08002bb8   0x0000002c   Code   RO         2394    i.Motor_Check       motor.o
    0x08002be4   0x08002be4   0x0000002c   Code   RO         2395    i.Motor_Init        motor.o
    0x08002c10   0x08002c10   0x0000002a   Code   RO         2476    i.Multiple_Read_BH1750  bh1750.o
    0x08002c3a   0x08002c3a   0x00000002   Code   RO         1826    i.NMI_Handler       stm32f10x_it.o
    0x08002c3c   0x08002c3c   0x0000000c   Code   RO         1886    i.NVIC_Configuration  sys.o
    0x08002c48   0x08002c48   0x00000070   Code   RO          130    i.NVIC_Init         misc.o
    0x08002cb8   0x08002cb8   0x00000014   Code   RO          131    i.NVIC_PriorityGroupConfig  misc.o
    0x08002ccc   0x08002ccc   0x00000028   Code   RO         2509    i.NetMonitor        monitor.o
    0x08002cf4   0x08002cf4   0x00000002   Code   RO         1827    i.PendSV_Handler    stm32f10x_it.o
    0x08002cf6   0x08002cf6   0x00000008   Code   RO         2510    i.PubInitData       monitor.o
    0x08002cfe   0x08002cfe   0x00000002   PAD
    0x08002d00   0x08002d00   0x00000020   Code   RO          285    i.RCC_AHBPeriphClockCmd  stm32f10x_rcc.o
    0x08002d20   0x08002d20   0x00000020   Code   RO          286    i.RCC_APB1PeriphClockCmd  stm32f10x_rcc.o
    0x08002d40   0x08002d40   0x00000020   Code   RO          287    i.RCC_APB1PeriphResetCmd  stm32f10x_rcc.o
    0x08002d60   0x08002d60   0x00000020   Code   RO          288    i.RCC_APB2PeriphClockCmd  stm32f10x_rcc.o
    0x08002d80   0x08002d80   0x00000020   Code   RO          289    i.RCC_APB2PeriphResetCmd  stm32f10x_rcc.o
    0x08002da0   0x08002da0   0x00000064   Code   RO         1887    i.RCC_Configuration  sys.o
    0x08002e04   0x08002e04   0x0000004c   Code   RO          295    i.RCC_DeInit        stm32f10x_rcc.o
    0x08002e50   0x08002e50   0x000000d4   Code   RO          296    i.RCC_GetClocksFreq  stm32f10x_rcc.o
    0x08002f24   0x08002f24   0x0000003c   Code   RO          297    i.RCC_GetFlagStatus  stm32f10x_rcc.o
    0x08002f60   0x08002f60   0x00000010   Code   RO          299    i.RCC_GetSYSCLKSource  stm32f10x_rcc.o
    0x08002f70   0x08002f70   0x00000018   Code   RO          300    i.RCC_HCLKConfig    stm32f10x_rcc.o
    0x08002f88   0x08002f88   0x0000004c   Code   RO          301    i.RCC_HSEConfig     stm32f10x_rcc.o
    0x08002fd4   0x08002fd4   0x00000018   Code   RO          307    i.RCC_PCLK1Config   stm32f10x_rcc.o
    0x08002fec   0x08002fec   0x00000018   Code   RO          308    i.RCC_PCLK2Config   stm32f10x_rcc.o
    0x08003004   0x08003004   0x0000000c   Code   RO          309    i.RCC_PLLCmd        stm32f10x_rcc.o
    0x08003010   0x08003010   0x0000001c   Code   RO          310    i.RCC_PLLConfig     stm32f10x_rcc.o
    0x0800302c   0x0800302c   0x00000018   Code   RO          313    i.RCC_SYSCLKConfig  stm32f10x_rcc.o
    0x08003044   0x08003044   0x00000038   Code   RO          315    i.RCC_WaitForHSEStartUp  stm32f10x_rcc.o
    0x0800307c   0x0800307c   0x0000001c   Code   RO         1917    i.SDA_IN            i2c.o
    0x08003098   0x08003098   0x00000024   Code   RO         1918    i.SDA_OUT           i2c.o
    0x080030bc   0x080030bc   0x00000002   Code   RO         1828    i.SVC_Handler       stm32f10x_it.o
    0x080030be   0x080030be   0x00000002   PAD
    0x080030c0   0x080030c0   0x000000a0   Code   RO         2511    i.SecMonitor        monitor.o
    0x08003160   0x08003160   0x00000008   Code   RO           17    i.SetSysClock       system_stm32f10x.o
    0x08003168   0x08003168   0x000000e0   Code   RO           18    i.SetSysClockTo72   system_stm32f10x.o
    0x08003248   0x08003248   0x00000022   Code   RO         2477    i.Single_Write_BH1750  bh1750.o
    0x0800326a   0x0800326a   0x00000002   PAD
    0x0800326c   0x0800326c   0x00000080   Code   RO         2512    i.SoilMonitor       monitor.o
    0x080032ec   0x080032ec   0x00000030   Code   RO         2396    i.StartMotor        motor.o
    0x0800331c   0x0800331c   0x00000030   Code   RO         2397    i.StopMotor         motor.o
    0x0800334c   0x0800334c   0x0000030c   Code   RO         2513    i.SwitchIoTCmd      monitor.o
    0x08003658   0x08003658   0x00000270   Code   RO         2514    i.SwitchMonitor     monitor.o
    0x080038c8   0x080038c8   0x0000009c   Code   RO         2515    i.SwitchState       monitor.o
    0x08003964   0x08003964   0x00000038   Code   RO         2438    i.Switch_Init       switch.o
    0x0800399c   0x0800399c   0x00000054   Code   RO         2439    i.Switch_SetState   switch.o
    0x080039f0   0x080039f0   0x00000002   Code   RO         1829    i.SysTick_Handler   stm32f10x_it.o
    0x080039f2   0x080039f2   0x00000002   PAD
    0x080039f4   0x080039f4   0x00000090   Code   RO         2516    i.SysdatState       monitor.o
    0x08003a84   0x08003a84   0x0000005c   Code   RO         2517    i.SysdatStateAck    monitor.o
    0x08003ae0   0x08003ae0   0x00000304   Code   RO         2518    i.SystemDataCmd     monitor.o
    0x08003de4   0x08003de4   0x00000060   Code   RO           20    i.SystemInit        system_stm32f10x.o
    0x08003e44   0x08003e44   0x00000088   Code   RO         2024    i.TIM2_IRQHandler   tim2.o
    0x08003ecc   0x08003ecc   0x0000006e   Code   RO         2025    i.TIM2_Init         tim2.o
    0x08003f3a   0x08003f3a   0x00000002   PAD
    0x08003f3c   0x08003f3c   0x0000007c   Code   RO         2042    i.TIM3_IRQHandler   tim3.o
    0x08003fb8   0x08003fb8   0x00000044   Code   RO         2043    i.TIM3_Init         tim3.o
    0x08003ffc   0x08003ffc   0x00000022   Code   RO         2044    i.TIM3_NVIC_Init    tim3.o
    0x0800401e   0x0800401e   0x00000002   PAD
    0x08004020   0x08004020   0x00000020   Code   RO         2072    i.TIM4_IRQHandler   tim4.o
    0x08004040   0x08004040   0x00000044   Code   RO         2073    i.TIM4_Init         tim4.o
    0x08004084   0x08004084   0x00000022   Code   RO         2074    i.TIM4_NVIC_Init    tim4.o
    0x080040a6   0x080040a6   0x00000006   Code   RO          495    i.TIM_ClearITPendingBit  stm32f10x_tim.o
    0x080040ac   0x080040ac   0x00000018   Code   RO          500    i.TIM_Cmd           stm32f10x_tim.o
    0x080040c4   0x080040c4   0x00000022   Code   RO          521    i.TIM_GetITStatus   stm32f10x_tim.o
    0x080040e6   0x080040e6   0x00000012   Code   RO          525    i.TIM_ITConfig      stm32f10x_tim.o
    0x080040f8   0x080040f8   0x00000004   Code   RO          565    i.TIM_SetCounter    stm32f10x_tim.o
    0x080040fc   0x080040fc   0x000000a4   Code   RO          571    i.TIM_TimeBaseInit  stm32f10x_tim.o
    0x080041a0   0x080041a0   0x000000d4   Code   RO         2398    i.TurnMotor         motor.o
    0x08004274   0x08004274   0x00000014   Code   RO         2120    i.USART1_IRQHandler  usart1.o
    0x08004288   0x08004288   0x00000088   Code   RO         2154    i.USART2_IRQHandler  usart2.o
    0x08004310   0x08004310   0x00000012   Code   RO         1032    i.USART_ClearFlag   stm32f10x_usart.o
    0x08004322   0x08004322   0x00000018   Code   RO         1036    i.USART_Cmd         stm32f10x_usart.o
    0x0800433a   0x0800433a   0x00000002   PAD
    0x0800433c   0x0800433c   0x0000009c   Code   RO         1038    i.USART_DeInit      stm32f10x_usart.o
    0x080043d8   0x080043d8   0x00000054   Code   RO         1040    i.USART_GetITStatus  stm32f10x_usart.o
    0x0800442c   0x0800442c   0x0000004a   Code   RO         1042    i.USART_ITConfig    stm32f10x_usart.o
    0x08004476   0x08004476   0x00000002   PAD
    0x08004478   0x08004478   0x000000d8   Code   RO         1043    i.USART_Init        stm32f10x_usart.o
    0x08004550   0x08004550   0x00000004   Code   RO         1830    i.UsageFault_Handler  stm32f10x_it.o
    0x08004554   0x08004554   0x00000080   Code   RO         2121    i.Usart1_Init       usart1.o
    0x080045d4   0x080045d4   0x000000b8   Code   RO         2155    i.Usart2_Init       usart2.o
    0x0800468c   0x0800468c   0x00000028   Code   RO         3023    i.__0sprintf        mc_w.l(printfa.o)
    0x080046b4   0x080046b4   0x00000024   Code   RO         3027    i.__0vsprintf       mc_w.l(printfa.o)
    0x080046d8   0x080046d8   0x0000000e   Code   RO         3130    i.__scatterload_copy  mc_w.l(handlers.o)
    0x080046e6   0x080046e6   0x00000002   Code   RO         3131    i.__scatterload_null  mc_w.l(handlers.o)
    0x080046e8   0x080046e8   0x0000000e   Code   RO         3132    i.__scatterload_zeroinit  mc_w.l(handlers.o)
    0x080046f6   0x080046f6   0x00000002   PAD
    0x080046f8   0x080046f8   0x00000184   Code   RO         3028    i._fp_digits        mc_w.l(printfa.o)
    0x0800487c   0x0800487c   0x000006dc   Code   RO         3029    i._printf_core      mc_w.l(printfa.o)
    0x08004f58   0x08004f58   0x00000024   Code   RO         3030    i._printf_post_padding  mc_w.l(printfa.o)
    0x08004f7c   0x08004f7c   0x0000002e   Code   RO         3031    i._printf_pre_padding  mc_w.l(printfa.o)
    0x08004faa   0x08004faa   0x0000000a   Code   RO         3033    i._sputc            mc_w.l(printfa.o)
    0x08004fb4   0x08004fb4   0x0000001a   Code   RO         2096    i.delay_ms          delay.o
    0x08004fce   0x08004fce   0x0000002e   Code   RO         2098    i.delay_us          delay.o
    0x08004ffc   0x08004ffc   0x00000050   Code   RO         2519    i.illumiMonitor     monitor.o
    0x0800504c   0x0800504c   0x00000082   Code   RO         1741    i.main              main.o
    0x080050ce   0x080050ce   0x00000002   PAD
    0x080050d0   0x080050d0   0x0000005c   Code   RO         2122    i.u1_printf         usart1.o
    0x0800512c   0x0800512c   0x0000005c   Code   RO         2157    i.u2_printf         usart2.o
    0x08005188   0x08005188   0x00000018   Code   RO         2648    i.utils_hb2hex      utils_md5.o
    0x080051a0   0x080051a0   0x000000e8   Code   RO         2617    i.utils_hmac_sha1   utils_hmac.o
    0x08005288   0x08005288   0x000000e8   Code   RO         2716    i.utils_sha1_finish  utils_sha1.o
    0x08005370   0x08005370   0x0000000e   Code   RO         2718    i.utils_sha1_init   utils_sha1.o
    0x0800537e   0x0800537e   0x00000002   PAD
    0x08005380   0x08005380   0x0000191c   Code   RO         2719    i.utils_sha1_process  utils_sha1.o
    0x08006c9c   0x08006c9c   0x0000002c   Code   RO         2720    i.utils_sha1_starts  utils_sha1.o
    0x08006cc8   0x08006cc8   0x0000007c   Code   RO         2721    i.utils_sha1_update  utils_sha1.o
    0x08006d44   0x08006d44   0x00000040   Data   RO         2723    .constdata          utils_sha1.o
    0x08006d84   0x08006d84   0x00000040   Data   RO         3126    .constdata          mc_w.l(ctype_c.o)
    0x08006dc4   0x08006dc4   0x00000393   Data   RO         2521    .conststring        monitor.o
    0x08007157   0x08007157   0x00000001   PAD
    0x08007158   0x08007158   0x00000020   Data   RO         3128    Region$$Table       anon$$obj.o


    Execution Region RW_IRAM1 (Exec base: 0x20000000, Load base: 0x08007178, Size: 0x000020f0, Max: 0x00005000, ABSOLUTE)

    Exec Addr    Load Addr    Size         Type   Attr      Idx    E Section Name        Object

    0x20000000   0x08007178   0x00000014   Data   RW          316    .data               stm32f10x_rcc.o
    0x20000014   0x0800718c   0x00000004   Data   RW         1978    .data               adc.o
    0x20000018   0x08007190   0x00000004   Data   RW         2045    .data               tim3.o
    0x2000001c   0x08007194   0x00000008   Data   RW         2159    .data               usart2.o
    0x20000024   0x0800719c   0x0000001c   Data   RW         2205    .data               cat1.o
    0x20000040   0x080071b8   0x00000005   Data   RW         2399    .data               motor.o
    0x20000045   0x080071bd   0x00000001   Data   RW         2440    .data               switch.o
    0x20000046   0x080071be   0x00000010   Data   RW         2522    .data               monitor.o
    0x20000056   0x080071ce   0x00000002   PAD
    0x20000058        -       0x00000100   Zero   RW         2123    .bss                usart1.o
    0x20000158        -       0x00000800   Zero   RW         2158    .bss                usart2.o
    0x20000958        -       0x00001388   Zero   RW         2204    .bss                cat1.o
    0x20001ce0        -       0x00000010   Zero   RW         2520    .bss                monitor.o
    0x20001cf0        -       0x00000400   Zero   RW         1734    STACK               startup_stm32f10x_md.o


==============================================================================

Image component sizes


      Code (inc. data)   RO Data    RW Data    ZI Data      Debug   Object Name

       254          0          0          0          0       2526   24cxx.o
       284         24          0          4          0       2104   adc.o
       560         18          0          0          0       3427   aht10.o
       220         76          0          0          0        520   alidata.o
       116          0          0          0          0       2053   bh1750.o
      2912       1460          0         28       5000       9166   cat1.o
         0          0          0          0          0       4540   core_cm3.o
        72          0          0          0          0        962   delay.o
       232         44          0          0          0       1060   exti.o
       596         76          0          0          0       4973   i2c.o
       130          0          0          0          0       1399   main.o
       132         22          0          0          0       1419   misc.o
      3738       1422        915         16         16      24477   monitor.o
       436         64          0          5          0       3170   motor.o
        36          8        236          0       1024        792   startup_stm32f10x_md.o
       390         10          0          0          0       7057   stm32f10x_adc.o
       416          8          0          0          0       3274   stm32f10x_dma.o
       200         18          0          0          0       1964   stm32f10x_exti.o
        52         12          0          0          0       1033   stm32f10x_flash.o
       540         10          0          0          0       6017   stm32f10x_gpio.o
        26          0          0          0          0       3782   stm32f10x_it.o
       792        110          0         20          0      11592   stm32f10x_rcc.o
       250         42          0          0          0       3843   stm32f10x_tim.o
       572         28          0          0          0       5371   stm32f10x_usart.o
       140         10          0          1          0       2179   switch.o
       140          4          0          0          0       1506   sys.o
       328         28          0          0          0     269549   system_stm32f10x.o
       246         20          0          0          0       1134   tim2.o
       226         28          0          4          0       1846   tim3.o
       134         10          0          0          0       1519   tim4.o
       240         24          0          0        256       2846   usart1.o
       412         38          0          8       2048       2664   usart2.o
       232          0          0          0          0       2258   utils_hmac.o
        24          0          0          0          0        507   utils_md5.o
      6842         40         64          0          0       5699   utils_sha1.o

    ----------------------------------------------------------------------
     21952       3654       1248         88       8344     398228   Object Totals
         0          0         32          0          0          0   (incl. Generated)
        32          0          1          2          0          0   (incl. Padding)

    ----------------------------------------------------------------------

      Code (inc. data)   RO Data    RW Data    ZI Data      Debug   Library Member Name

        56          8          0          0          0         84   __0sscanf.o
        28          0          0          0          0         68   _chval.o
       812          4          0          0          0        112   _scanf.o
       332          0          0          0          0         96   _scanf_int.o
       224          0          0          0          0         96   _scanf_str.o
        64          0          0          0          0         84   _sgetc.o
        40          6         64          0          0         68   ctype_c.o
         0          0          0          0          0          0   entry.o
         0          0          0          0          0          0   entry10a.o
         0          0          0          0          0          0   entry11a.o
         8          4          0          0          0          0   entry2.o
         4          0          0          0          0          0   entry5.o
         0          0          0          0          0          0   entry7b.o
         0          0          0          0          0          0   entry8b.o
         8          4          0          0          0          0   entry9a.o
        30          0          0          0          0          0   handlers.o
        36          8          0          0          0         68   init.o
        10          0          0          0          0         68   isspace_c.o
         0          0          0          0          0          0   iusefp.o
        30          0          0          0          0         68   llshl.o
        36          0          0          0          0         68   llsshr.o
        32          0          0          0          0         68   llushr.o
        36          0          0          0          0         68   memcpya.o
        36          0          0          0          0        108   memseta.o
      2312         92          0          0          0        600   printfa.o
        40          8          0          0          0         84   scanf_char.o
        14          0          0          0          0         68   strlen.o
        36          0          0          0          0         80   strstr.o
        44          0          0          0          0         80   uidiv.o
        98          0          0          0          0         92   uldiv.o
        48          0          0          0          0         68   cdrcmple.o
        20          0          0          0          0         68   cfrcmple.o
        56          0          0          0          0         88   d2f.o
       334          0          0          0          0        148   dadd.o
       222          0          0          0          0        100   ddiv.o
       186          0          0          0          0        176   depilogue.o
        50          0          0          0          0         76   dfixui.o
        48          0          0          0          0         68   dfixul.o
        34          0          0          0          0         76   dflti.o
        26          0          0          0          0         76   dfltui.o
       228          0          0          0          0         96   dmul.o
        38          0          0          0          0         68   f2d.o
       110          0          0          0          0        168   fepilogue.o
        10          0          0          0          0         68   ffltui.o

    ----------------------------------------------------------------------
      5784        134         64          0          0       3472   Library Totals
         8          0          0          0          0          0   (incl. Padding)

    ----------------------------------------------------------------------

      Code (inc. data)   RO Data    RW Data    ZI Data      Debug   Library Name

      4366        134         64          0          0       2128   mc_w.l
      1410          0          0          0          0       1344   mf_w.l

    ----------------------------------------------------------------------
      5784        134         64          0          0       3472   Library Totals

    ----------------------------------------------------------------------

==============================================================================


      Code (inc. data)   RO Data    RW Data    ZI Data      Debug   

     27736       3788       1312         88       8344     391764   Grand Totals
     27736       3788       1312         88       8344     391764   ELF Image Totals
     27736       3788       1312         88          0          0   ROM Totals

==============================================================================

    Total RO  Size (Code + RO Data)                29048 (  28.37kB)
    Total RW  Size (RW Data + ZI Data)              8432 (   8.23kB)
    Total ROM Size (Code + RO Data + RW Data)      29136 (  28.45kB)

==============================================================================

